# Veuillez ne pas éditer le fichier map à la main.
# Utilisez plutôt l'éditeur de carte intégré au jeu.
NAME Bloody islands
PLAYER A
PLAYER B
X 20
Y 15
MAP
mAAAmmAAAgmAAAbmAAAbmAAAbmAB*bmAB*bmAB*bmAB*hmAB*mmBA*mmBA*gmBA*bmBA*bmBA*bmBBBbmBBBbmBBBbmBBBhmBBBm
mAAAgmAAAktAAAttAAAttAAAttAB*ttAB*ttAB*tmAB*lmAB*hmBA*gmBA*ktBA*ttBA*ttBA*ttBBBttBBBttBBBtmBBBlmBBBh
mAAAdtAAAttAAAttAAAttAAAttAB*ttAB*ttAB*ttAB*tmAB*cmBA*dtBA*ttBA*ttBA*ttBA*ttBBBttBBBttBBBttBBBtmBBBc
mAAAdtAAAttAAAttAAAttAAAttAB*ttAB*ttAB*ttAB*tpAB*ppBA*qtBA*ttBA*ttBA*ttBA*ttBBBttBBBttBBBttBBBtmBBBc
mAAAdtAAAttAAAttAAAttAAAttAB*ttAB*ttAB*ttAB*tmAB*cmBA*dtBA*ttBA*ttBA*ttBA*ttBBBttBBBttBBBttBBBtmBBBc
mACAdtACAttACAtMACAMMACAMtAE*ttAB*ttAB*tmAE*jmAE*emBD*fmBD*itBD*ttBD*ttBD*ttBCBttBCBttBCBttBCBtmBCBc
mACAdtACAttACAttACAtMACAMtAE*ttAE*ttAE*tmAE*lmAE*bmBD*bmBD*ktBD*ttBD*ttBD*ttBCBttBCBttBCBttBCBtmBCBc
mACAdtACAttACAttACAttACAttAE*ttAE*ttAE*ttAE*ttAE*ttBD*ttBD*ttBD*ttBD*ttBD*ttBCBttBCBttBCBttBCBtmBCBc
mACAdtACAttACAttACAttACAttAE*ttAE*ttAE*tmAE*jmAE*amBD*amBD*itBD*ttBD*ttBD*ttBCBttBCBttBCBttBCBtmBCBc
mACAdtACAttACAttACAttACAttAE*ttAE*ttAE*tmAE*lmAE*hmBD*gmBD*ktBD*ttBD*ttBD*ttBCBtMBCBMtBCBttBCBtmBCBc
mADAdtADAttADAttADAttADAttAF*ttAF*tMAF*MMAF*MmAF*cmBE*dtBE*ttBE*ttBE*ttBE*tMBFBMMBFBMtBFBttBFBtmBFBc
mADAdtADAttADAttADAttADAttAF*ttAF*ttAF*ttAF*tpAF*ppBE*qtBE*ttBE*ttBE*ttBE*ttBFBttBFBttBFBttBFBtmBFBc
mADAdtADAttADAttADAttADAttAF*ttAF*ttAF*ttAF*tmAF*cmBE*dtBE*ttBE*ttBE*ttBE*ttBFBttBFBttBFBttBFBtmBFBc
mADAfmADAitADAttADAttADAttAF*ttAF*ttAF*tmAF*jmAF*emBE*fmBE*itBE*ttBE*ttBE*ttBFBttBFBttBFBtmBFBjmBFBe
mADAmmADAfmADAamADAamADAamAF*amAF*amAF*amAF*emAF*mmBE*mmBE*fmBE*amBE*amBE*amBFBamBFBamBFBamBFBemBFBm
EOM
CITY 1000
MIN 2
MAX 2
DATE 20/5/2006
INFO 1v1 map on two little islands.
UNIT 6 A 3,2 1000
UNIT 1 A 3,2 1000
UNIT 7 A 2,7 2000
UNIT 1 A 2,7 1000
UNIT 2 A 1,12 500
UNIT 3 A 3,3 1000
UNIT 2 A 2,3 500
UNIT 2 A 1,8 500
UNIT 3 A 2,8 1000
UNIT 6 A 2,11 1000
UNIT 3 A 2,12 1000
UNIT 1 A 2,11 1000
UNIT 13 A 2,2 1000
UNIT 13 A 1,7 1000
UNIT 13 A 1,11 1000
UNIT 6 B 17,2 1000
UNIT 3 B 17,3 1000
UNIT 2 B 16,3 500
UNIT 1 B 17,2 1000
UNIT 6 B 18,11 1000
UNIT 3 B 18,12 1000
UNIT 1 B 18,11 1000
UNIT 3 B 18,7 1000
UNIT 2 B 17,7 500
UNIT 7 B 18,6 2000
UNIT 1 B 18,6 1000
UNIT 2 B 17,12 500
UNIT 13 B 17,11 1000
UNIT 13 B 17,6 1000
UNIT 13 B 16,2 1000
UNIT 6 * 7,4 1000
UNIT 1 * 7,4 1000
UNIT 6 * 6,8 1000
UNIT 1 * 6,8 1000
UNIT 6 * 7,12 1000
UNIT 1 * 7,12 1000
UNIT 2 * 6,13 500
UNIT 3 * 7,13 1000
UNIT 3 * 6,9 1000
UNIT 2 * 5,9 500
UNIT 3 * 7,5 1000
UNIT 2 * 6,5 500
UNIT 6 * 13,3 1000
UNIT 3 * 13,4 1000
UNIT 2 * 12,4 500
UNIT 6 * 13,11 1000
UNIT 1 * 13,11 1000
UNIT 1 * 13,3 1000
UNIT 3 * 13,12 1000
UNIT 2 * 12,12 500
UNIT 6 * 14,7 1000
UNIT 3 * 14,8 1000
UNIT 2 * 13,8 500
UNIT 1 * 14,7 1000
UNIT 13 * 6,4 1000
UNIT 13 * 5,8 1000
UNIT 13 * 6,12 1000
UNIT 13 * 12,3 1000
UNIT 13 * 12,11 1000
UNIT 13 * 13,7 1000
UNIT 18 * 7,1 1
UNIT 18 * 8,2 1
UNIT 18 * 7,2 1
UNIT 18 * 6,2 1
UNIT 18 * 6,1 1
UNIT 18 * 5,1 1
UNIT 18 * 13,1 1
UNIT 18 * 14,1 1
UNIT 18 * 14,2 1
UNIT 18 * 15,2 1
UNIT 18 * 15,1 1
UNIT 18 * 7,7 1
UNIT 18 * 8,7 1
UNIT 18 * 9,7 1
UNIT 18 * 10,7 1
UNIT 18 * 12,7 1
UNIT 18 * 11,7 1
UNIT 18 * 7,6 1
UNIT 18 * 12,6 1
UNIT 18 * 8,12 1
UNIT 18 * 11,12 1
