# Veuillez ne pas éditer le fichier map à la main.
# Utilisez plutôt l'éditeur de carte intégré au jeu.
NAME Threesome
PLAYER A A
PLAYER B B
PLAYER C C
X 28
Y 21
MAP
mABAmmABAmmABAmmABAmmABAmmABAmmABAmmABAdMABAMMABAMMABAMMABAMMABAMMACAMMACAMMACAMMACAMMADAMMADAMMADAMmADAcmADAmmADAmmADAmmADAmmADAmmADAmmADAm
mABAmmABAmmABAmmABAmmABAmmABAmmABAmmABAdtABAttABAttABAtMABAMtABAttACAttACAttACAtMACAMtADAttADAttADAtmADAcmADAmmADAmmADAmmADAmmADAmmADAmmADAm
mABAmmABAmmABAmmABAmmABAmmABAmmABAmmABAdtABAttABAttABAttAA*ttAA*ttACAttACAttACAttACAttADAttADAttADAtmADAcmADAmmADAmmADAmmADAmmADAmmADAmmADAm
mABAmmABAmmABAmmABAmmABAmmABAmmABAmmABAdtABAttABAttAA*ttAA*ttAA*ttACAttACAttAE*ttAE*ttAE*ttADAttADAtmADAcmADAmmADAmmADAmmADAmmADAmmADAmmADAm
mABAmmABAmmABAmmABAmmABAmmABAmmABAmmABAdtABAttAA*ttAA*ttAA*ttAA*ttAA*ttAE*ttAE*ttAE*ttAE*ttAE*ttAE*tmAE*cmAE*mmAE*mmADAmmADAmmADAmmADAmmADAm
mBBBmmBBBmmBBBmmBBBmmAA*mmAA*mmAA*mmAA*dtAA*ttAA*ttAA*ttAA*ttAA*ttAA*ttAE*ttAE*ttAE*ttAE*ttAE*ttAE*tmAE*cmAE*mmAE*mmAE*mmAE*mmAE*mmAE*mmAE*m
mBBBmmBBBmmBBBmmBBBmmAA*mmAA*mmAA*mmAA*fmAA*apAA*rmAA*amAA*amAA*itAA*ttAA*tmAE*jmAE*amAE*apAE*rmAE*amAE*emAE*mmAE*mmAE*mmAE*mmAE*mmAE*mmAE*m
mBBBmmBBBmmBBBmmBBBmmBBBmmBBBmmBBBmmAA*mmAA*mpAA*omAA*gmAA*bmAA*ktNA*ttNB*tmNB*lmNB*bmNB*hpAE*omAE*mmAE*mmAE*mmAE*mmCBCmmCBCmmCBCmmCBCmmCBCm
mBBBmmBBBmmBBBmmBBBmmBBBmmBBBmmBBBmmBBBmmBBBmpBD*omNA*dtNA*ttNA*ttNA*ttNB*ttNB*ttNB*tmNB*cpCE*omCBCmmCBCmmCBCmmCBCmmCBCmmCBCmmCBCmmCBCmmCBCm
mBEBmmBEBmmBEBmmBEBmmBEBmmBEBmmBBBmmBBBmmBD*mpBD*omNA*dtNA*ttNA*ttNA*ttNB*ttNB*ttNB*tmNB*cpCE*omCE*mmCBCmmCBCmmCDCmmCDCmmCDCmmCDCmmCDCmmCDCm
mBEBmmBEBmmBEBgmBEBbmBEBbmBEBbmBBBbmBBBbmBD*bpBD*smBD*ktBD*tmNA*jmNA*amNB*amNB*itCE*tmCE*lpCE*smCE*bmCBCbmCBCbmCDCbmCDCbmCDCbmCDChmCDCmmCDCm
mBEBmmBEBmmBEBdtBEBttBEBttBEBttBEBttBBBttBD*ttBD*ttBD*ttBD*tmBD*cmBD*mmCE*mmCE*dtCE*ttCE*ttCE*ttCE*ttCBCttCDCttCDCttCDCttCDCtmCDCcmCDCmmCDCm
mBEBmmBEBmmBEBdtBEBttBEBttBEBttBEBttBBBttBD*ttBD*ttBD*ttBD*tmBD*cmBD*mmCE*mmCE*dtCE*ttCE*ttCE*ttCE*ttCBCttCDCttCDCttCDCttCDCtmCDCcmCDCmmCDCm
mBEBmmBEBmmBEBdtBEBttBEBttBEBttBBBttBBBttBBBttBD*ttBD*ttBD*tmBD*cmBD*mmCE*mmCE*dtCE*ttCE*ttCE*ttCBCttCBCttCBCttCDCttCDCttCDCtmCDCcmCDCmmCDCm
mBEBmmBEBmmBEBdMBEBMtBEBttBBBttBBBttBBBttBBBttBBBttBD*ttBD*tpBD*ppBD*npCE*npCE*qtCE*ttCE*ttCBCttCBCttCBCttCBCttCBCttCDCtMCDCMmCDCcmCDCmmCDCm
mBABmmBABmmBABdMBABMtBABttBBBttBBBttBBBttBBBttBBBttBC*ttBC*tmBC*cmBC*mmCA*mmCA*dtCA*ttCA*ttCBCttCBCttCBCttCBCttCBCtMCCCMMCCCMmCCCcmCCCmmCCCm
mBABmmBABmmBABdtBABttBABttBABttBBBttBBBttBBBttBC*ttBC*ttBC*tmBC*cmBC*mmCA*mmCA*dtCA*ttCA*ttCA*ttCBCttCBCttCBCttCCCttCCCtMCCCMmCCCcmCCCmmCCCm
mBABmmBABmmBABdtBABttBABttBABttBABttBBBttBC*ttBC*ttBC*ttBC*tmBC*cmBC*mmCA*mmCA*dtCA*ttCA*ttCA*ttCA*ttCBCttCCCttCCCttCCCttCCCtmCCCcmCCCmmCCCm
mBABmmBABmmBABdtBABttBABttBABttBABttBBBttBC*ttBC*ttBC*ttBC*tmBC*cmBC*mmCA*mmCA*dtCA*ttCA*ttCA*ttCA*ttCBCttCCCttCCCttCCCttCCCtmCCCcmCCCmmCCCm
mBABmmBABmmBABfmBABamBABamBABamBABamBBBamBBBamBC*amBC*amBC*amBC*emBC*mmCA*mmCA*fmCA*amCA*amCA*amCBCamCBCamCCCamCCCamCCCamCCCamCCCemCCCmmCCCm
mBABmmBABmmBABmmBABmmBABmmBABmmBABmmBBBmmBBBmmBC*mmBC*mmBC*mmBC*mmBC*mmCA*mmCA*mmCA*mmCA*mmCA*mmCBCmmCBCmmCCCmmCCCmmCCCmmCCCmmCCCmmCCCmmCCCm
EOM
CITY 1000
MIN 2
MAX 3
DATE 2/6/2006
INFO 1v1v1 map on three islands.
UNIT 6 A 9,1 1000
UNIT 1 A 9,1 1000
UNIT 7 A 14,1 2000
UNIT 1 A 14,1 1000
UNIT 6 A 19,1 1000
UNIT 1 A 19,1 1000
UNIT 3 A 19,2 1000
UNIT 2 A 18,2 500
UNIT 13 A 18,1 1000
UNIT 2 A 13,2 500
UNIT 3 A 14,2 1000
UNIT 13 A 13,1 1000
UNIT 13 A 8,1 1000
UNIT 2 A 8,2 500
UNIT 3 A 9,2 1000
UNIT 7 B 7,14 2000
UNIT 1 B 7,14 1000
UNIT 3 B 7,15 1000
UNIT 2 B 6,15 500
UNIT 13 B 6,14 1000
UNIT 6 B 5,17 1000
UNIT 1 B 5,17 1000
UNIT 3 B 5,18 1000
UNIT 1 B 5,11 1000
UNIT 6 B 5,11 1000
UNIT 3 B 5,12 1000
UNIT 2 B 4,12 500
UNIT 13 B 4,11 1000
UNIT 13 B 6,17 1000
UNIT 2 B 6,18 500
UNIT 6 C 23,12 1000
UNIT 1 C 23,12 1000
UNIT 6 C 23,17 1000
UNIT 1 C 23,17 1000
UNIT 7 C 20,14 2000
UNIT 1 C 20,14 1000
UNIT 3 C 23,18 1000
UNIT 13 C 22,17 1000
UNIT 2 C 22,18 500
UNIT 3 C 20,15 1000
UNIT 2 C 19,15 500
UNIT 13 C 19,14 1000
UNIT 3 C 23,13 1000
UNIT 2 C 22,13 500
UNIT 13 C 22,12 1000
UNIT 1 * 10,12 1000
UNIT 6 * 10,12 1000
UNIT 6 * 11,4 1000
UNIT 1 * 11,4 1000
UNIT 6 * 12,8 1000
UNIT 1 * 12,8 1000
UNIT 6 * 17,12 1000
UNIT 1 * 17,12 1000
UNIT 6 * 17,17 1000
UNIT 1 * 17,17 1000
UNIT 3 * 11,5 1000
UNIT 3 * 10,13 1000
UNIT 2 * 9,13 500
UNIT 13 * 9,12 1000
UNIT 6 * 11,17 1000
UNIT 1 * 11,17 1000
UNIT 2 * 10,18 1000
UNIT 3 * 11,18 1000
UNIT 13 * 10,17 1000
UNIT 3 * 12,9 1000
UNIT 2 * 11,9 500
UNIT 13 * 11,8 1000
UNIT 6 * 16,8 1000
UNIT 1 * 16,8 1000
UNIT 13 * 15,8 1000
UNIT 3 * 16,9 1000
UNIT 2 * 15,9 500
UNIT 3 * 17,13 1000
UNIT 2 * 16,13 500
UNIT 13 * 16,12 1000
UNIT 2 * 16,18 500
UNIT 3 * 17,18 1000
UNIT 13 * 16,17 1000
UNIT 2 * 10,5 500
UNIT 13 * 10,4 1000
UNIT 6 * 17,4 1000
UNIT 1 * 17,4 1000
UNIT 3 * 17,5 1000
UNIT 2 * 16,5 500
UNIT 13 * 16,4 1000
UNIT 18 * 13,3 1
UNIT 18 * 14,3 1
UNIT 18 * 13,4 1
UNIT 18 * 14,4 1
UNIT 18 * 10,15 1
UNIT 18 * 11,15 1
UNIT 18 * 11,16 1
UNIT 18 * 10,16 1
UNIT 18 * 9,16 1
UNIT 18 * 16,15 1
UNIT 18 * 16,16 1
UNIT 18 * 17,15 1
UNIT 18 * 17,16 1
UNIT 18 * 18,16 1
UNIT 18 * 8,5 1
UNIT 18 * 19,5 1
