# Please don't edit this file by hand.
# Use the game's map editor.
NAME Tug of war
PLAYER A  0
PLAYER B  0
PLAYER C  0
PLAYER D  0
COUNTRY AA A
COUNTRY AB *
COUNTRY NA *
COUNTRY NE *
COUNTRY DA *
COUNTRY DB D
COUNTRY DC D
COUNTRY AD A
COUNTRY AC A
COUNTRY NB *
COUNTRY NF *
COUNTRY DE D
COUNTRY AE *
COUNTRY DD *
COUNTRY BA B
COUNTRY NC *
COUNTRY NG *
COUNTRY BD *
COUNTRY CA *
COUNTRY CC C
COUNTRY BB B
COUNTRY CB C
COUNTRY BC B
COUNTRY BE *
COUNTRY ND *
COUNTRY NH *
COUNTRY CD *
COUNTRY CE C
X 36
Y 22
MAP
mAAAmmAAAmmAAAmmAAAgmAAAbmAAAbmAAAbmAAAbmAAAbmAB*hmAB*mmAB*mmAB*mmNA*mmNA*mmNA*mmNA*mmNA*mmNE*mmNE*mmNE*mmNE*mmNE*mmDA*gmDA*bmDA*bmDA*bmDBDhmDBDmmDBDmmDCDmmDCDmmDCDmmDCDmmDCDmmDCDm
mAAAmmAAAmmAAAmmAAAdMAAAMtAAAttAAAttAAAttAAAtmAB*cmAB*mmAB*mmAB*mmNA*gmNA*bmNA*bmNA*bmNA*hmNE*gmNE*bmNE*bmNE*bmNE*hmDA*dMDA*MMDA*MMDA*MmDBDcmDBDmmDBDgmDCDbmDCDbmDCDbmDCDbmDCDhmDCDm
mAAAmmAAAmmAAAgmAAAkMAAAMtAAAttAAAttAAAttAAAtmAB*lmAB*bmAB*bmAB*hmNA*dtNA*ttNA*ttNA*tpNA*ppNE*qtNE*ttNE*ttNE*tmNE*cmDA*dtDA*ttDA*ttDA*tmDBDcmDBDgmDBDktDCDttDCDtMDCDMMDCDMmDCDcmDCDm
mAAAmmAAAmmAAAdtAAAttAAAttAAAttAAAttAAAttAAAttAB*ttAB*ttAB*tmAB*cmNA*dtNA*ttNA*ttNA*tmNA*lmNE*ktNE*ttNE*ttNE*tmNE*cmDA*dtDA*ttDA*ttDA*tmDBDlmDBDktDBDttDCDttDCDttDCDttDCDtmDCDlmDCDh
mAAAmmAAAmmAAAdtAAAttAAAttAAAttAAAttAAAttAAAttAB*ttAB*ttAB*tmAB*cmNA*dtNA*ttNA*ttNA*ttNA*ttNE*ttNE*ttNE*ttNE*tmNE*cmDA*dtDA*ttDA*ttDA*ttDBDttDBDttDBDttDCDttDCDttDCDttDCDttDCDtmDCDc
mADAmmADAgmADAktADAttADAttACAttACAttACAttACAttAB*ttAB*ttAB*tpAB*ppNA*qtNA*ttNA*ttNA*ttNA*ttNE*ttNE*ttNE*ttNE*tpNE*ppDA*qtDA*ttDA*ttDA*ttDBDttDBDttDBDttDCDttDCDttDCDttDCDttDCDtmDCDc
mADAmmADAdMADAMMADAMtADAttACAttACAttACAttACAttAB*ttAB*ttAB*tmAB*cmNB*dtNB*ttNB*ttNB*ttNB*ttNF*ttNF*ttNF*ttNF*tmNF*cmDBDdtDBDttDBDttDBDttDBDttDBDttDBDttDBDttDEDttDEDttDEDttDEDtmDEDc
mADAgmADAkMADAMMADAMtADAttACAttACAttACAttACAttAB*ttAB*ttAB*tmAB*cmNB*dtNB*ttNB*ttNB*ttNB*ttNF*ttNF*ttNF*ttNF*tmNF*cmDBDdtDBDttDBDttDBDttDBDttDBDttDBDttDBDttDEDttDEDttDEDttDEDtmDEDc
mADAdtADAttADAttADAttADAttAE*ttAE*ttAE*ttAE*ttAE*ttAE*tMAE*MmAB*cmNB*fmNB*itNB*tmNB*jmNB*amNF*amNF*itNF*tmNF*jmNF*emDD*dtDD*ttDD*ttDD*ttDD*ttDD*ttDD*ttDD*ttDEDttDEDttDEDttDEDtmDEDc
mADAdtADAttADAttADAttADAttAE*ttAE*ttAE*ttAE*ttAE*ttAE*tmAE*jmAE*emNB*mmNB*fpNB*rmNB*emNB*mmNF*mmNF*fpNF*rmNF*emNF*mmDD*fmDD*itDD*ttDD*ttDD*ttDD*ttDD*ttDD*ttDEDttDEDttDEDttDEDtmDEDc
mBABdtBABttADAttADAttBABttAE*ttAE*ttAE*ttAE*ttAE*ttAE*tmAE*cmAE*mmNC*mmNC*mpNC*omNC*mmNC*mmNG*mmNG*mpNG*omNG*mmNG*mmDD*gmDD*ktDD*ttDD*ttDD*ttDD*ttDD*ttDD*ttDEDttDEDttDEDttDEDtmDEDc
mBABdtBABttBABttBABttBABttAE*ttAE*ttBD*ttBD*ttBD*ttBD*tmBD*cmBD*mmNC*gmNC*bpNC*smNC*bmNC*bmNG*bmNG*bpNG*smNG*hmNG*mmCA*dMCA*MtCA*ttCA*ttDD*ttDD*ttDD*ttDD*ttCCCttCCCttCCCttCCCtmCCCc
mBABdtBABttBABttBABttBABttBBBttBBBttBD*ttBD*ttBD*ttBD*tmBD*lmBD*hmNC*dtNC*ttNC*ttNC*ttNC*ttNG*ttNG*ttNG*tmNG*lmNG*hmCA*dtCA*ttCA*ttCA*ttDD*ttDD*ttDD*ttDD*ttCCCttCCCttCCCttCCCtmCCCc
mBABdtBABttBABttBABttBABttBBBttBBBttBD*ttBD*ttBD*ttBD*ttBD*tmBD*cmNC*dtNC*ttNC*ttNC*ttNC*ttNG*ttNG*ttNG*ttNG*tmNG*cmCA*dtCA*ttCA*ttCA*ttCBCttCBCttCBCttCBCttCCCttCCCttCCCttCCCtmCCCc
mBABdtBABttBABttBABttBBBttBBBttBBBttBD*ttBD*ttBD*ttBD*ttBD*tmBD*cmNC*dtNC*ttNC*ttNC*ttNC*ttNG*ttNG*ttNG*ttNG*tmNG*cmCA*dtCA*ttCA*ttCA*ttCBCttCBCttCBCttCBCttCCCttCCCtMCCCMMCCCMmCCCc
mBCBdtBCBttBCBttBCBttBBBttBBBttBBBttBBBttBE*ttBE*ttBE*ttBE*tpBE*ppND*qtND*ttND*ttND*tmND*jmNH*itNH*ttNH*ttNH*tpNH*ppCA*qtCA*ttCA*ttCA*ttCBCttCBCttCBCttCBCttCCCtMCCCMMCCCMmCCCjmCCCe
mBCBdtBCBttBCBttBCBttBBBttBBBttBBBttBBBttBE*ttBE*ttBE*ttBE*tmBE*cmND*dtND*ttND*ttND*tmND*lmNH*ktNH*ttNH*ttNH*tmNH*cmCD*dtCD*ttCD*ttCD*ttCBCttCBCttCBCttCBCttCECtMCECMMCECMmCECcmCECm
mBCBfmBCBitBCBttBCBttBCBtmBBBjmBBBamBBBitBE*ttBE*ttBE*ttBE*tmBE*cmND*dtND*ttND*ttND*ttND*ttNH*ttNH*ttNH*ttNH*tmNH*cmCD*dtCD*ttCD*ttCD*ttCBCttCBCttCBCttCBCttCECttCECttCECtmCECcmCECm
mBCBmmBCBdtBCBttBCBttBCBtmBBBcmBBBmmBBBdtBE*ttBE*ttBE*tmBE*jmBE*emND*dtND*ttND*ttND*ttND*ttNH*ttNH*ttNH*ttNH*tmNH*cmCD*dtCD*ttCD*ttCD*tmCBCjmCBCitCBCttCBCttCECttCECttCECtmCECcmCECm
mBCBmmBCBdtBCBttBCBttBCBtmBBBcmBBBmmBBBdMBE*MMBE*MMBE*MmBE*cmBE*mmND*fmND*amND*amND*amND*amNH*amNH*amNH*amNH*amNH*emCD*dtCD*ttCD*tmCD*jmCBCemCBCdtCBCttCBCttCECttCECtmCECjmCECemCECm
mBCBmmBCBdtBCBttBCBttBCBtmBBBcmBBBmmBBBfmBE*amBE*amBE*amBE*emBE*mmND*mmND*mmND*mmND*mmND*mmNH*mmNH*mmNH*mmNH*mmNH*mmCD*dtCD*ttCD*tmCD*cmCBCmmCBCfmCBCamCBCitCECttCECtmCECcmCECmmCECm
mBCBmmBCBfmBCBamBCBamBCBamBBBemBBBmmBBBmmBE*mmBE*mmBE*mmBE*mmBE*mmND*mmND*mmND*mmND*mmND*mmNH*mmNH*mmNH*mmNH*mmNH*mmCD*fmCD*amCD*amCD*emCBCmmCBCmmCBCmmCBCfmCECamCECamCECemCECmmCECm
EOM
CITY 1000
MIN 2
MAX 4
DATE 28/4/2006
INFO Map for four players, 2v2
UNIT 7 A 3,9 2000
UNIT 1 A 3,9 1000
UNIT 6 A 6,2 1000
UNIT 3 A 6,3 1000
UNIT 13 A 5,2 1000
UNIT 2 A 5,3 500
UNIT 1 A 6,2 1000
UNIT 6 A 6,6 1000
UNIT 1 A 6,6 1000
UNIT 3 A 6,7 1000
UNIT 2 A 5,7 500
UNIT 13 A 5,6 1000
UNIT 13 A 2,9 1000
UNIT 3 A 3,10 1000
UNIT 2 A 2,10 500
UNIT 7 B 2,13 2000
UNIT 6 B 6,15 1000
UNIT 1 B 2,13 1000
UNIT 1 B 6,15 1000
UNIT 13 B 1,13 1000
UNIT 3 B 2,14 1000
UNIT 2 B 1,14 500
UNIT 6 B 4,18 1000
UNIT 1 B 4,18 1000
UNIT 13 B 3,18 1000
UNIT 3 B 4,19 1000
UNIT 2 B 3,19 500
UNIT 2 B 5,16 500
UNIT 13 B 5,15 1000
UNIT 3 B 6,16 1000
UNIT 6 C 32,18 1000
UNIT 7 C 32,12 2000
UNIT 1 C 32,12 1000
UNIT 1 C 32,18 1000
UNIT 3 C 32,19 1000
UNIT 2 C 31,19 500
UNIT 3 C 30,16 1000
UNIT 13 C 31,18 1000
UNIT 6 C 30,15 1000
UNIT 1 C 30,15 1000
UNIT 2 C 29,16 500
UNIT 13 C 29,15 1000
UNIT 13 C 31,12 1000
UNIT 2 C 31,13 500
UNIT 3 C 32,13 1000
UNIT 7 D 31,3 2000
UNIT 6 D 28,5 1000
UNIT 1 D 31,3 1000
UNIT 1 D 28,5 1000
UNIT 1 D 32,7 1000
UNIT 2 D 27,6 500
UNIT 3 D 28,6 1000
UNIT 13 D 27,5 1000
UNIT 3 D 32,8 1000
UNIT 2 D 31,8 500
UNIT 13 D 31,7 1000
UNIT 6 D 32,7 1000
UNIT 3 D 31,4 1000
UNIT 2 D 30,4 500
UNIT 13 D 30,3 1000
UNIT 6 * 15,13 1000
UNIT 6 * 15,17 1000
UNIT 6 * 25,2 1000
UNIT 6 * 25,13 1000
UNIT 6 * 25,18 1000
UNIT 6 * 27,9 1000
UNIT 1 * 15,17 1000
UNIT 1 * 15,13 1000
UNIT 1 * 25,2 1000
UNIT 1 * 27,9 1000
UNIT 1 * 25,13 1000
UNIT 1 * 25,18 1000
UNIT 6 * 10,8 1000
UNIT 3 * 10,9 1000
UNIT 1 * 10,8 1000
UNIT 2 * 9,13 500
UNIT 2 * 9,18 500
UNIT 3 * 10,18 1000
UNIT 2 * 20,18 500
UNIT 3 * 21,18 1000
UNIT 3 * 21,7 1000
UNIT 2 * 20,14 500
UNIT 3 * 25,14 1000
UNIT 2 * 24,19 500
UNIT 3 * 25,19 1000
UNIT 6 * 10,4 1000
UNIT 1 * 10,4 1000
UNIT 3 * 10,5 1000
UNIT 2 * 9,5 500
UNIT 13 * 9,4 1000
UNIT 2 * 9,9 500
UNIT 13 * 9,8 1000
UNIT 13 * 9,12 1000
UNIT 1 * 10,12 1000
UNIT 6 * 10,12 1000
UNIT 3 * 10,13 1000
UNIT 1 * 10,17 1000
UNIT 6 * 10,17 1000
UNIT 13 * 9,17 1000
UNIT 6 * 15,2 1000
UNIT 1 * 15,2 1000
UNIT 13 * 14,2 1000
UNIT 3 * 15,3 1000
UNIT 2 * 14,3 500
UNIT 6 * 15,6 1000
UNIT 1 * 15,6 1000
UNIT 2 * 14,7 500
UNIT 13 * 14,6 1000
UNIT 3 * 15,7 1000
UNIT 6 * 21,6 1000
UNIT 1 * 21,6 1000
UNIT 2 * 20,7 500
UNIT 13 * 20,6 1000
UNIT 2 * 20,3 500
UNIT 3 * 21,3 1000
UNIT 13 * 20,2 1000
UNIT 6 * 21,2 1000
UNIT 1 * 21,2 1000
UNIT 2 * 14,14 500
UNIT 13 * 14,13 1000
UNIT 3 * 15,14 1000
UNIT 1 * 21,13 1000
UNIT 6 * 21,13 1000
UNIT 13 * 20,13 1000
UNIT 3 * 21,14 1000
UNIT 13 * 14,17 1000
UNIT 3 * 15,18 1000
UNIT 2 * 14,18 500
UNIT 6 * 21,17 1000
UNIT 1 * 21,17 1000
UNIT 13 * 20,17 1000
UNIT 3 * 25,3 1000
UNIT 2 * 24,3 500
UNIT 13 * 24,2 1000
UNIT 3 * 27,10 1000
UNIT 13 * 26,9 500
UNIT 2 * 26,10 500
UNIT 13 * 24,13 1000
UNIT 2 * 24,14 500
UNIT 13 * 24,18 1000
UNIT 18 * 18,6 1
UNIT 18 * 17,6 1
UNIT 18 * 18,5 1
UNIT 18 * 17,7 1
UNIT 18 * 18,7 1
UNIT 18 * 18,13 1
UNIT 18 * 17,14 1
UNIT 18 * 18,14 1
UNIT 18 * 29,11 1
UNIT 18 * 29,12 1
UNIT 18 * 28,12 1
UNIT 18 * 28,13 1
UNIT 18 * 29,13 1
UNIT 18 * 27,15 1
UNIT 18 * 27,16 1
UNIT 18 * 26,17 1
UNIT 18 * 26,16 1
UNIT 18 * 34,5 1
UNIT 18 * 33,5 1
UNIT 18 * 33,6 1
UNIT 18 * 34,4 1
UNIT 18 * 33,4 1
UNIT 18 * 33,3 1
UNIT 18 * 25,7 1
UNIT 18 * 24,7 1
UNIT 18 * 24,8 1
UNIT 18 * 25,8 1
UNIT 18 * 25,6 1
UNIT 18 * 6,10 1
UNIT 18 * 6,11 1
UNIT 18 * 7,11 1
UNIT 18 * 7,12 1
UNIT 18 * 6,12 1
UNIT 18 * 5,12 1
UNIT 18 * 5,11 1
UNIT 18 * 5,13 1
UNIT 18 * 6,13 1
UNIT 18 * 2,16 1
UNIT 18 * 3,16 1
UNIT 18 * 8,14 1
UNIT 18 * 8,15 1
UNIT 18 * 9,15 1
UNIT 18 * 7,5 1
UNIT 18 * 7,6 1
UNIT 18 * 8,6 1
UNIT 18 * 8,7 1
UNIT 15 * 17,5 1
UNIT 15 * 17,14 1
