# Please don't edit this file by hand.
# Use the game's map editor.
NAME Team Match
PLAYER A  0
PLAYER B  0
PLAYER C  0
PLAYER D  0
PLAYER E  0
PLAYER F  0
X 40
Y 30
MAP
tCCCtmCCCcmCCCgmCCCbmCCCbmCCCbmNG*bmNG*bmNG*bmNG*hmNK*dtNK*ttNK*ttNK*ttNK*ttNK*ttNL*ttNL*ttNL*tmNL*cmOX*gmOX*bmOX*bmOX*bmNP*bmNP*bmNP*bmNP*bmNP*bmNM*bmNM*bmNM*bmNM*bmNM*bmDDDbmDDDbmDDDbmDDDbmDDDbmDDDh
mCCCamCCCemCCCdtCCCttCCCttCCCtMNG*MMNG*MtNG*tmNG*cmNK*dtNK*ttNK*ttNK*ttNK*tmNK*jmNL*amNL*itNL*tmNL*cmOX*dtOX*ttOX*ttOX*ttNP*ttNP*ttNP*ttNP*ttNP*ttNM*ttNM*tMNM*MMNM*MMNM*MMDDDMMDDDMMDDDMtDDDtMDDDMmDDDc
mCCCbmCCCbmCCCktCCCttCCCttCCCtMNG*MMNG*MtNG*tmNG*cmNK*fmNK*amNK*amNK*amNK*amNK*emNL*mmNL*dtNL*tmNL*cmOX*dtOX*ttOX*ttOX*ttNP*ttNP*ttNP*ttNP*ttNP*ttNM*ttNM*ttNM*ttNM*ttNM*tMDDDMMDDDMtDDDttDDDtMDDDMmDDDc
tCCCttCCCttCCCttCCCttCCCttCCCttNG*ttNG*ttNG*tmNG*lmNT*bmNT*bmNT*bmNS*bmNS*bmNS*bmNS*bmNS*ktNN*tmNR*lmNR*ktNR*ttNR*ttNR*ttNQ*ttNQ*ttNQ*ttNP*tMNP*MMNM*MtNM*ttNM*ttNM*ttNM*ttDDDttDDDttDDDttDDDtMDDDMmDDDc
tNA*ttNA*ttNA*ttCCCttCCCtMCCCMMNG*MtNG*ttNG*ttNG*ttNT*ttNT*ttNT*ttNS*ttNS*ttNS*ttNS*ttNS*ttNN*ttNR*ttNR*ttNR*ttNR*ttNR*ttNQ*ttNQ*ttNQ*ttNP*tMNP*MtNM*ttNM*ttNM*ttNM*ttNM*ttDDDttDDDttDDDttDDDtMDDDMmDDDc
tNA*ttNA*ttNA*ttNA*ttNA*ttNA*ttNF*ttNF*ttNF*ttNF*ttNT*ttNT*ttNT*ttNS*ttNS*ttNS*ttNS*ttNS*ttNN*ttNR*ttNR*ttNR*ttNR*ttNR*ttNQ*ttNQ*ttNQ*ttNO*ttNO*ttNO*ttNO*ttNM*ttNM*ttNM*ttDDDttDDDttDDDttDDDtMDDDMmDDDc
tNA*ttNA*ttNA*ttNA*ttNA*ttNA*tMNF*MtNF*tMNF*MMNF*MMNT*MtNT*ttNT*ttNS*ttNS*ttNS*ttNS*ttNS*ttNN*ttNR*ttNR*ttNR*ttNR*ttNR*ttNQ*ttNQ*ttNQ*ttNO*ttNO*ttNO*ttNO*ttOR*ttOR*ttOR*tMOR*MMOR*MMOR*MMOR*MMOR*MmOR*c
MNA*MMNA*MMNA*MtNA*tMNA*MMNA*MMNF*MtNF*ttNF*tMNF*MMNT*MtNT*ttNT*tmNS*jmNS*amNS*amNS*amNS*amNN*amNR*amNR*amNR*amNR*amNR*amNQ*amNQ*amNQ*amNO*amNO*amNO*itNO*ttOR*ttOR*ttOR*tMOR*MMOR*MMOR*MMOR*MMOR*MmOR*c
MNB*MMNB*MMNB*MtNB*ttNB*tMNB*MMNF*MtNF*ttNF*ttNF*tMNV*MtNV*ttNV*tmNV*cmNZ*mmNZ*gmNZ*bmNZ*bmNZ*bmNN*bmOA*bmOA*bmOA*bmOA*hmOA*mmNN*mmNN*mmNO*mmNO*mmNO*dtNO*ttOR*ttOR*ttOR*ttOR*ttOR*ttOR*ttOR*tMOR*MmOR*l
tNB*ttNB*ttNB*ttNB*ttNB*ttNB*ttNF*ttNF*ttNF*ttNF*ttNV*ttNV*ttNV*tmNV*lmNZ*bmNZ*ktNZ*ttNZ*ttNZ*ttNN*ttOA*ttOA*ttOA*tmOA*cmOA*mmNN*mmNN*mmNN*mmNN*mmOP*dMOP*MtOP*ttOP*ttOP*ttOP*ttOR*ttOR*ttOR*tMOR*MMOR*M
tNB*ttNB*tMNB*MtNB*ttNB*tMNB*MMND*MtND*ttND*ttND*ttNV*ttNV*ttNV*ttNV*ttNZ*ttNZ*ttNZ*ttNZ*ttNZ*ttNN*ttOA*ttOA*ttOA*tmOA*cmOA*mmNN*mmNN*mmNN*mmNN*mmOP*dMOP*MMOP*MtOP*ttOP*ttOP*ttOP*ttOQ*ttOQ*tMOQ*MMOQ*M
mNB*iMNB*MMNB*MtNB*tMNB*MMNB*MtND*ttND*ttND*ttND*ttNV*ttNV*ttNV*ttNV*tmNZ*jmNZ*itNZ*ttNZ*ttNZ*ttNN*ttOA*ttOA*ttOA*tmOA*cmOA*mmNN*mmNN*mmNN*mmNN*mmOP*dMOP*MtOP*ttOP*ttOP*ttOP*ttOP*ttOQ*ttOQ*ttOQ*ttOQ*t
mNB*fmNB*amNB*apNB*rmNB*iMNB*MtND*ttND*ttND*ttND*tMNW*MtNW*ttNW*tmNW*jmNW*emNY*dtNY*ttNY*ttNY*ttNN*ttOB*ttOB*ttOB*tmOB*lmOG*bmOG*bmOG*hmOG*mmOG*mmOG*dtOP*ttOP*ttOP*ttOP*ttOP*ttOP*ttOQ*tMOQ*MMOQ*MMOQ*M
mBBBgmBBBbmBBBbpBBBsmBBBkMBBBMtND*ttND*ttND*ttND*tMNW*MtNW*ttNW*tmNW*cmNW*mmNY*dtNY*ttNY*ttNY*ttNN*ttOB*ttOB*ttOB*ttOB*ttOG*ttOG*tmOG*lmOG*bmOG*bmOG*ktOW*ttOW*ttOW*tMOW*MMEEEMMEEEMtEEEtMEEEMMEEEMMEEEM
mBBBdtBBBttBBBttBBBttBBBtMBBBMMND*MtND*ttND*tMND*MMNW*MtNW*ttNW*tmNW*cmNW*mmNY*dtNY*ttNY*ttNY*ttNN*ttOB*ttOB*ttOB*tmOB*jmOG*itOG*ttOG*ttOG*ttOG*ttOG*ttOW*ttOW*ttOW*tMOW*MtEEEttEEEttEEEtMEEEMMEEEMMEEEM
mBBBdtBBBttBBBttBBBttBBBttBBBttNJ*ttNJ*ttNJ*ttNJ*tMNW*MtNW*tMNW*MmNW*cmNW*mmNY*dtNY*ttNY*ttNY*ttNN*ttOB*ttOB*ttOB*tmOB*cmOG*dtOG*ttOG*ttOG*ttOG*ttOG*ttOW*ttOW*ttOW*ttOW*ttEEEttEEEttEEEtMEEEMmEEEjmEEEa
mBBBdtBBBttBBBttBBBttBBBttBBBttNJ*ttNJ*ttNJ*ttNJ*ttNW*ttNW*ttNW*tmNW*cmNW*mmNY*fmNY*amNY*amNY*amNN*amOB*amOB*amOB*amOB*emOF*dtOF*tMOF*MmOF*jmOH*amOH*itOH*ttOH*tMOH*MMOH*MtEEEttEEEttEEEtMEEEMmEEEcmEEEm
mBBBdMBBBMtBBBttBBBttBBBttBBBttNJ*ttNJ*ttNJ*ttNJ*ttOU*ttOU*ttOU*tmOU*lmNX*bmNX*bmNX*bmNX*bmNX*bmNN*bmOC*bmOC*bmOC*bmOC*bmOF*ktOF*tMOF*MmOF*cmOH*mmOH*dtOH*ttOH*tMOH*MtOH*ttEEEttEEEttEEEtMEEEMmEEEcmEEEm
mBBBkMBBBMMBBBMtBBBttBBBttBBBttNJ*ttNJ*ttNJ*ttNJ*ttOU*ttOU*ttOU*ttOU*ttNX*ttNX*ttNX*ttNX*ttNX*ttNN*ttOC*ttOC*ttOC*ttOC*ttOF*ttOF*tMOF*MmOF*lmOH*bmOH*ktOH*ttOH*ttOH*ttOH*ttEEEttEEEttEEEtMEEEMmEEEcmEEEm
MNC*MMNC*MMNC*MMNC*MMNC*MMNI*MtNI*ttNI*ttOT*ttOT*ttOT*ttOU*ttOU*ttOU*ttNX*ttNX*ttNX*ttNX*ttNX*ttNN*ttOC*ttOC*ttOC*ttOC*ttOF*ttOF*ttOF*ttOF*ttOH*ttOH*ttOH*ttOH*tMOH*MMOH*MMOS*MtOS*ttOS*tMOS*MmOS*lmOS*b
MNC*MMNC*MMNC*MMNC*MMNC*MMNI*MtNI*ttNI*ttOT*ttOT*ttOT*ttOU*ttOU*ttOU*ttNX*ttNX*ttNX*ttNX*ttNX*ttNN*ttOC*ttOC*ttOC*ttOC*ttOE*ttOE*tmOE*jmOE*amOH*amOH*amOH*amOH*amOH*amOH*iMOS*MtOS*ttOS*tMOS*MMOS*MMOS*M
mNC*iMNC*MtNC*ttNC*ttNC*ttNI*ttNI*ttNI*ttOT*ttOT*tmOT*jmOU*amOU*amOU*amNX*amNX*amNX*amNX*amNX*amNN*amOC*amOC*amOC*itOC*ttOE*ttOE*tmOE*cmOE*mmOI*gmOI*bmOI*bmOI*bmOI*hmOS*dMOS*MtOS*ttOS*ttOS*tmOS*jmOS*i
mNC*dMNC*MtNC*ttNC*ttNC*ttNI*ttNI*ttNI*ttOT*ttOT*tmOT*cmOM*mmOM*mmOM*mmOM*mmOM*mmNN*mmNN*mmNN*mmNN*mmNN*mmOD*mmOD*dtOD*ttOE*ttOE*tmOE*cmOE*mmOI*dtOI*tMOI*MMOI*MpOI*ppOS*qtOS*ttOS*ttOS*ttOS*tmOS*cmOS*d
mNC*dMNC*MtNC*ttNC*ttNC*ttNI*ttNI*ttNI*ttOT*tMOT*MmOT*cmOM*mmOM*gmOM*bmOM*bmOM*bmOO*bmOO*hmOO*mmOO*mmOO*mmOD*mmOD*dtOD*ttOD*ttOE*tmOE*cmOE*mmOI*dtOI*tMOI*MMOI*MmOI*cmOS*dtOS*ttOS*tMOS*MMOS*MmOS*lmOS*k
mNC*dMNC*MtNC*ttNC*ttNC*ttNI*ttNI*ttNI*ttOT*tMOT*MmOT*cmOM*mmOM*dtOM*ttOM*ttOM*ttOO*tmOO*cmOO*mmOO*mmOO*mmOD*mmOD*dtOD*ttOD*ttOD*tmOD*cmOJ*mmOJ*dtOJ*ttOJ*tMOJ*MmOJ*cmOJ*dtOS*ttOS*tMOS*MMOS*MMOS*MtOS*t
mAAAdMAAAMtAAAttAAAttAAAttNH*ttNH*ttNH*ttNH*tMNH*MmNH*cmOM*mmOM*dMOM*MMOM*MtOM*tMOO*MmOO*cmOO*mmOO*mmOO*mmOD*mmOD*fmOD*itOD*ttOD*tmOD*cmOJ*mmOJ*dtOJ*ttOJ*ttOJ*tmOJ*lmOJ*ktFFFttFFFttFFFtMFFFMmFFFjmFFFi
mAAAdMAAAMtAAAttAAAttAAAttNH*ttNH*ttNH*ttNH*ttNH*tmNH*cmOM*mmOM*dMOM*MMOM*MtOO*ttOO*tmOO*lmOO*bmOO*bmOO*bmOL*bmOL*bmOL*ktOL*ttOL*tmOL*cmOJ*mmOJ*dtOJ*tMOJ*MtOJ*ttOJ*ttOJ*ttFFFttFFFttFFFtMFFFMmFFFcmFFFd
mAAAdtAAAttAAAttAAAttAAAttNH*tMNH*MMNH*MMNH*MMNH*MmNH*cmON*mmON*dtON*ttON*ttOO*ttOO*ttOO*ttOO*ttOO*ttOO*ttOL*ttOL*ttOL*ttOL*ttOL*tmOL*cmOK*mmOK*dtOK*ttOK*ttOK*ttOK*ttFFFttFFFttFFFttFFFttFFFtmFFFcmFFFf
mAAAfmAAAamAAAamAAAamAAAiMNH*MMNH*MMNH*MMNH*MMNH*MmNH*cmON*mmON*dMON*MMON*MMON*MMOO*MMOO*MMOO*MtOO*ttOO*ttOL*ttOL*ttOL*ttOL*ttOL*tmOL*cmOK*mmOK*dtOK*ttOK*ttOK*tMOK*MMFFFMMFFFMMFFFMtFFFtmFFFjmFFFemFFFm
mAAAmmAAAmmAAAmmAAAmmAAAfmNH*amNH*amNH*amNH*amNH*amNH*emON*mmON*dtON*ttON*ttON*ttOO*ttOO*ttOO*ttOO*ttOO*ttOL*ttOL*tmOL*jmOL*amOL*amOL*emOK*mmOK*fmOK*amOK*amOK*amOK*amFFFamFFFamFFFamFFFamFFFemFFFmmFFFm
EOM
CITY 1000
MIN 2
MAX 6
DATE 8/6/2007
INFO This arena of war is designed for 3v3 battles.
UNIT 19 A 2,26 5000
UNIT 16 A 3,26 2000
UNIT 3 A 3,27 1000
UNIT 2 A 2,27 500
UNIT 19 C 4,3 5000
UNIT 16 C 5,3 2000
UNIT 3 C 5,2 1000
UNIT 2 C 4,2 500
UNIT 19 B 3,17 5000
UNIT 16 B 4,17 2000
UNIT 3 B 4,16 1000
UNIT 2 B 3,16 500
UNIT 6 * 1,6 1000
UNIT 1 * 1,6 1000
UNIT 2 * 0,6 500
UNIT 13 * 0,5 1000
UNIT 3 * 1,5 1000
UNIT 6 * 7,6 1000
UNIT 1 * 7,6 1000
UNIT 6 * 0,9 1000
UNIT 1 * 0,9 1000
UNIT 3 * 1,9 1000
UNIT 2 * 1,10 500
UNIT 13 * 0,10 1000
UNIT 6 * 2,21 1000
UNIT 1 * 2,21 1000
UNIT 13 * 3,21 1000
UNIT 3 * 3,22 1000
UNIT 2 * 2,22 500
UNIT 7 * 7,12 2000
UNIT 1 * 7,12 1000
UNIT 6 * 8,1 1000
UNIT 1 * 8,1 1000
UNIT 6 * 8,26 1000
UNIT 1 * 8,26 1000
UNIT 6 * 9,21 1000
UNIT 1 * 9,21 1000
UNIT 6 * 9,16 1000
UNIT 1 * 9,16 1000
UNIT 6 * 12,1 1000
UNIT 1 * 12,1 1000
UNIT 13 * 11,1 1000
UNIT 2 * 12,0 500
UNIT 3 * 11,0 1000
UNIT 6 * 18,1 1000
UNIT 1 * 18,1 1000
UNIT 19 D 37,3 5000
UNIT 19 E 36,15 5000
UNIT 19 F 35,26 5000
UNIT 16 D 36,3 2000
UNIT 3 D 37,4 1000
UNIT 2 D 36,4 500
UNIT 16 E 35,15 2000
UNIT 3 E 36,16 1000
UNIT 2 E 35,16 500
UNIT 16 F 34,26 2000
UNIT 2 F 35,27 500
UNIT 3 F 34,27 1000
UNIT 1 D 37,3 1000
UNIT 1 E 36,15 1000
UNIT 1 F 35,26 1000
UNIT 6 * 29,22 1000
UNIT 1 * 29,22 1000
UNIT 6 * 31,25 1000
UNIT 1 * 31,25 1000
UNIT 6 * 29,28 1000
UNIT 1 * 29,28 1000
UNIT 7 * 37,21 2000
UNIT 1 * 37,21 1000
UNIT 7 * 39,11 2000
UNIT 1 * 39,11 1000
UNIT 6 * 35,8 1000
UNIT 1 * 35,8 1000
UNIT 6 * 32,2 1000
UNIT 1 * 32,2 1000
UNIT 6 * 10,9 1000
UNIT 1 * 10,9 1000
UNIT 6 * 13,24 1000
UNIT 1 * 13,24 1000
UNIT 6 * 16,27 1000
UNIT 1 * 16,27 1000
UNIT 6 * 13,29 1000
UNIT 1 * 13,29 1000
UNIT 6 * 23,28 1000
UNIT 1 * 23,28 1000
UNIT 6 * 23,24 1000
UNIT 1 * 23,24 1000
UNIT 24 * 19,9 1
UNIT 24 * 19,10 1
UNIT 24 * 19,11 1
UNIT 24 * 19,12 1
UNIT 24 * 19,13 1
UNIT 24 * 19,14 1
UNIT 24 * 19,15 1
UNIT 6 * 22,9 1000
UNIT 1 * 22,9 1000
UNIT 2 * 22,10 500
UNIT 3 * 21,10 1000
UNIT 13 * 21,9 1000
UNIT 6 * 16,9 1000
UNIT 1 * 16,9 1000
UNIT 13 * 17,9 1000
UNIT 3 * 17,10 1000
UNIT 2 * 16,10 500
UNIT 6 * 22,14 1000
UNIT 1 * 22,14 1000
UNIT 3 * 21,15 1000
UNIT 13 * 21,14 1000
UNIT 2 * 22,15 500
UNIT 6 * 16,13 1000
UNIT 13 * 17,13 1000
UNIT 1 * 16,13 1000
UNIT 3 * 17,14 1000
UNIT 2 * 16,14 500
UNIT 24 * 19,18 1
UNIT 24 * 19,20 1
UNIT 24 * 16,4 1
UNIT 24 * 17,4 1
UNIT 24 * 17,5 1
UNIT 24 * 17,6 1
UNIT 24 * 16,6 1
UNIT 24 * 20,4 1
UNIT 24 * 19,4 1
UNIT 24 * 19,5 1
UNIT 24 * 19,6 1
UNIT 24 * 20,6 1
UNIT 13 * 20,5 1000
UNIT 13 * 16,5 1000
UNIT 6 * 15,5 1000
UNIT 1 * 15,5 1000
UNIT 2 * 15,4 500
UNIT 3 * 15,6 1000
UNIT 6 * 21,5 1000
UNIT 2 * 21,4 500
UNIT 3 * 21,6 1000
UNIT 1 * 21,5 1000
UNIT 6 * 11,4 1000
UNIT 1 * 11,4 1000
UNIT 24 * 18,18 1
UNIT 24 * 18,19 1
UNIT 24 * 18,20 1
UNIT 24 * 20,20 1
UNIT 24 * 20,19 1
UNIT 24 * 20,18 1
UNIT 16 * 19,19 2000
UNIT 6 * 16,19 1000
UNIT 1 * 16,19 1000
UNIT 13 * 17,19 1000
UNIT 2 * 16,18 500
UNIT 3 * 16,20 1000
UNIT 13 * 21,19 1000
UNIT 6 * 22,19 1000
UNIT 1 * 22,19 1000
UNIT 2 * 22,20 500
UNIT 3 * 22,18 1000
UNIT 6 * 33,10 1000
UNIT 1 * 33,10 1000
UNIT 6 * 27,14 1000
UNIT 1 * 27,14 1000
UNIT 6 * 30,19 1000
UNIT 1 * 30,19 1000
UNIT 6 * 25,17 1000
UNIT 1 * 25,17 1000
UNIT 6 * 27,1 1000
UNIT 1 * 27,1 1000
UNIT 3 * 33,3 1000
UNIT 13 * 33,2 1000
UNIT 2 * 32,3 500
UNIT 3 * 37,22 1000
UNIT 2 * 36,22 500
UNIT 13 * 36,21 1000
UNIT 13 * 34,10 1000
UNIT 2 * 34,11 500
UNIT 3 * 33,11 1000
UNIT 6 * 25,4 1000
UNIT 1 * 25,4 1000
UNIT 6 * 29,6 1000
UNIT 1 * 29,6 1000
UNIT 6 * 25,21 1000
UNIT 1 * 25,21 1000
UNIT 6 * 12,14 1000
UNIT 1 * 12,14 1000
UNIT 6 * 6,23 1000
UNIT 1 * 6,23 1000
UNIT 15 * 18,4 1
UNIT 15 * 18,5 1
UNIT 15 * 18,6 1
UNIT 6 * 12,19 1000
UNIT 1 * 12,19 1000
UNIT 6 * 31,14 1000
UNIT 1 * 31,14 1000
UNIT 6 * 21,1 1000
UNIT 1 * 21,1 1000
UNIT 18 * 3,7 1
UNIT 18 * 3,8 1
UNIT 18 * 4,8 1
UNIT 18 * 5,6 1
UNIT 18 * 4,6 1
UNIT 18 * 3,6 1
UNIT 18 * 2,9 1
UNIT 18 * 4,9 1
UNIT 18 * 3,9 1
UNIT 18 * 3,10 1
UNIT 18 * 3,11 1
UNIT 18 * 9,26 1
UNIT 18 * 15,18 1
UNIT 18 * 15,19 1
UNIT 18 * 15,20 1
UNIT 18 * 14,20 1
UNIT 18 * 14,19 1
UNIT 18 * 14,18 1
UNIT 18 * 13,18 1
UNIT 18 * 12,18 1
UNIT 18 * 13,19 1
UNIT 18 * 13,20 1
UNIT 18 * 11,18 1
UNIT 18 * 23,18 1
UNIT 18 * 23,19 1
UNIT 18 * 23,20 1
UNIT 18 * 24,20 1
UNIT 18 * 24,19 1
UNIT 18 * 24,18 1
UNIT 18 * 25,18 1
UNIT 18 * 26,19 1
UNIT 18 * 25,19 1
UNIT 18 * 25,20 1
UNIT 18 * 24,21 1
UNIT 18 * 23,21 1
UNIT 18 * 12,17 1
UNIT 18 * 11,17 1
UNIT 18 * 18,9 1
UNIT 18 * 18,10 1
UNIT 18 * 18,11 1
UNIT 18 * 17,11 1
UNIT 18 * 16,11 1
UNIT 18 * 16,12 1
UNIT 18 * 17,12 1
UNIT 18 * 18,12 1
UNIT 18 * 18,14 1
UNIT 18 * 18,13 1
UNIT 18 * 18,15 1
UNIT 18 * 17,15 1
UNIT 18 * 16,15 1
UNIT 18 * 20,9 1
UNIT 18 * 20,10 1
UNIT 18 * 20,11 1
UNIT 18 * 21,11 1
UNIT 18 * 22,11 1
UNIT 18 * 22,12 1
UNIT 18 * 15,10 1
UNIT 18 * 21,12 1
UNIT 18 * 20,12 1
UNIT 18 * 20,13 1
UNIT 18 * 20,14 1
UNIT 18 * 20,15 1
UNIT 18 * 21,13 1
UNIT 18 * 22,13 1
UNIT 18 * 23,13 1
UNIT 18 * 17,13 1
UNIT 18 * 17,14 1
UNIT 18 * 16,14 1
UNIT 18 * 16,10 1
UNIT 18 * 17,10 1
UNIT 18 * 21,10 1
UNIT 18 * 22,10 1
UNIT 18 * 22,15 1
UNIT 18 * 21,15 1
UNIT 18 * 21,14 1
UNIT 18 * 14,1 1
UNIT 18 * 14,0 1
UNIT 18 * 15,0 1
UNIT 18 * 16,0 1
UNIT 18 * 17,0 1
UNIT 18 * 13,0 1
UNIT 18 * 13,1 1
UNIT 18 * 24,2 1
UNIT 18 * 25,2 1
UNIT 18 * 24,3 1
UNIT 18 * 23,2 1
UNIT 18 * 23,1 1
UNIT 18 * 29,4 1
UNIT 18 * 30,4 1
UNIT 18 * 30,5 1
UNIT 18 * 31,5 1
UNIT 18 * 30,3 1
UNIT 18 * 30,8 1
UNIT 18 * 31,8 1
UNIT 18 * 31,9 1
UNIT 18 * 32,9 1
UNIT 18 * 32,10 1
UNIT 18 * 32,8 1
UNIT 18 * 37,27 1
UNIT 18 * 36,28 1
UNIT 18 * 36,27 1
UNIT 18 * 36,26 1
UNIT 18 * 36,25 1
UNIT 18 * 18,29 1
UNIT 18 * 19,29 1
UNIT 18 * 20,29 1
UNIT 18 * 19,28 1
UNIT 18 * 18,27 1
UNIT 18 * 20,27 1
UNIT 18 * 21,28 1
UNIT 18 * 20,28 1
UNIT 18 * 22,29 1
UNIT 18 * 21,29 1
UNIT 18 * 17,27 1
UNIT 18 * 19,27 1
UNIT 18 * 16,24 1
UNIT 18 * 4,21 1
UNIT 18 * 5,21 1
UNIT 18 * 6,21 1
UNIT 18 * 6,22 1
UNIT 18 * 5,22 1
UNIT 18 * 6,20 1
UNIT 18 * 7,21 1
UNIT 18 * 7,20 1
UNIT 18 * 8,20 1
UNIT 26 * 0,0 1000
UNIT 26 * 39,24 1000
UNIT 1 C 4,3 1000
UNIT 1 B 3,17 1000
UNIT 1 A 2,26 1000
