# Please don't edit this file by hand.
# Use the game's map editor.
NAME Conquer the Castle
PLAYER A  0
PLAYER B  0
PLAYER C  0
PLAYER D  0
X 40
Y 15
MAP
mAAAmmAAAgmAAAbmAAAbmAAAbmAAAbmAAAhmAAAmmNN*mmNN*mmNN*mmNN*mmNN*mmNN*mmNN*mmNN*mmNN*mmNN*mmNN*mmNN*mmNN*mmNN*mmNN*mmNN*mmNN*mmNN*mmNN*mmNN*mmNN*mmNN*mmNN*mmNN*gmNN*bmNN*bmNN*bmNN*bmNN*bmNN*ktNE*ttNE*t
mAAAmmAAAdtAAAttAAAttAAAttAAAtmAAAcmAAAmmNN*mmNN*mmNN*mmNN*mmNN*mmNN*mmNN*mmNN*mmNN*mmNC*gmNC*bmNC*bmNC*hmNN*mmNN*mmNN*mmNN*mmNN*mmNN*mmNN*mmNN*mmNN*mmNN*mmNN*dMNN*MMNN*MMNN*MMNN*MMNN*MMNN*MMNN*MtNE*t
mAAAmmAAAdtAAAttAAAttAAAttAAAtmAAAcmAAAmmNN*mmNN*mmNN*mmNN*mmNN*mmNN*mmNN*mmNN*mmNN*mmNC*dtNC*ttNC*tmNC*cmNN*mmNN*mmNN*mmNN*mmNN*mmNN*mmNN*mmNN*mmNN*mmNN*mmNN*dMNN*MmNN*jmNN*amNN*amNN*amNN*amNN*apNN*o
mAAAmmAAAdtAAAttAAAttAAAttAAAtmAAAcmAAAmmNN*mmNN*mmNN*mmNN*mmNN*mmNN*mmNN*mmNN*mmNN*mmNC*dtNC*ttNC*tmNC*cmNN*mmNN*mmNN*mmDBDgmDBDbmDBDbmDBDbmDBDbmDCDbmDCDbmDCDkMDCDMmNN*cmNN*mmNN*mmNN*mmNN*mmNN*mpNN*o
mAAAmmAAAfmAAAamAAAamAAAamAAAamAAAemAAAmmNN*mmNN*mmNN*mmNN*mmNN*mmNN*mmNN*mmNN*mmNN*mmNC*fmNC*amNC*amNC*emNN*mmNN*mmNN*mmDBDdMDBDMMDBDMMDBDMMDBDMMDCDMMDCDMMDCDMMDCDMmNN*cmNN*mmNN*mmNN*mmNN*mmNN*mpNN*o
mBABmmBABgmBABbmBABbmBABbmBABbmBABhmBABmmNN*mmNN*mmNN*mmNN*mmNN*mmNN*mmNN*mmNN*mmNN*mmNN*mmNN*mmNN*mmNN*mmNN*mmNN*mmNN*mmDBDdMDBDMtDBDttDBDttDBDttDCDttDCDttDCDtMDCDMmNN*cmNN*mmNN*mmNN*mmNN*mmNN*mpNN*o
mBABmmBABdtBABttBABttBABttBABtmBABcmBABmmNN*mmNN*mmNN*mmNN*mmNN*mmNN*mmNN*mmNN*mmNN*mmNB*gmNB*bmNB*bmNB*hmNN*mmNN*mmNN*mmDBDdMDBDMtDBDttDBDttDBDttDCDttDCDttDCDtMDCDMmNN*cmNN*mmNN*mmNN*mmNN*mmNN*mpNN*o
mBABmmBABdtBABttBABttBABttBABtmBABcmBABmmNN*mmNN*mmNN*mmNN*mmNN*mmNN*mmNN*mmNN*mmNN*mmNB*dtNB*ttNB*tmNB*cmNN*mmNN*mmNN*mmDADdMDADMtDADttDADttDADttDDDttDDDttDDDttDDDtpNN*ppNN*npNN*npNN*npNN*npNN*npNN*n
mBABmmBABdtBABttBABttBABttBABtmBABcmBABmmNN*mmNN*mmNN*mmNN*mmNN*mmNN*mmNN*mmNN*mmNN*mmNB*dtNB*ttNB*tmNB*cmNN*mmNN*mmNN*mmDADdMDADMtDADttDADttDADttDDDttDDDttDDDtMDDDMmNN*cmNN*mmNN*mmNN*mmNN*mmNN*mpNN*o
mBABmmBABfmBABamBABamBABamBABamBABemBABmmNN*mmNN*mmNN*mmNN*mmNN*mmNN*mmNN*mmNN*mmNN*mmNB*fmNB*amNB*amNB*emNN*mmNN*mmNN*mmDADdMDADMtDADttDADttDADttDDDttDDDttDDDtMDDDMmNN*cmNN*mmNN*mmNN*mmNN*mmNN*mpNN*o
mCACmmCACgmCACbmCACbmCACbmCACbmCAChmCACmmNN*mmNN*mmNN*mmNN*mmNN*mmNN*mmNN*mmNN*mmNN*mmNN*mmNN*mmNN*mmNN*mmNN*mmNN*mmNN*mmDADdMDADMMDADMMDADMMDADMMDDDMMDDDMMDDDMMDDDMmNN*cmNN*mmNN*mmNN*mmNN*mmNN*mpNN*o
mCACmmCACdtCACttCACttCACttCACtmCACcmCACmmNN*mmNN*mmNN*mmNN*mmNN*mmNN*mmNN*mmNN*mmNN*mmNA*gmNA*bmNA*bmNA*hmNN*mmNN*mmNN*mmDADfmDADamDADamDADamDADamDDDamDDDamDDDiMDDDMmNN*cmNN*mmNN*mmNN*mmNN*mmNN*mpNN*o
mCACmmCACdtCACttCACttCACttCACtmCACcmCACmmNN*mmNN*mmNN*mmNN*mmNN*mmNN*mmNN*mmNN*mmNN*mmNA*dtNA*ttNA*tmNA*cmNN*mmNN*mmNN*mmNN*mmNN*mmNN*mmNN*mmNN*mmNN*mmNN*mmNN*dMNN*MmNN*lmNN*bmNN*bmNN*bmNN*bmNN*bpNN*s
mCACmmCACdtCACttCACttCACttCACtmCACcmCACmmNN*mmNN*mmNN*mmNN*mmNN*mmNN*mmNN*mmNN*mmNN*mmNA*dtNA*ttNA*tmNA*cmNN*mmNN*mmNN*mmNN*mmNN*mmNN*mmNN*mmNN*mmNN*mmNN*mmNN*dMNN*MMNN*MMNN*MMNN*MMNN*MMNN*MMNN*MtND*t
mCACmmCACfmCACamCACamCACamCACamCACemCACmmNN*mmNN*mmNN*mmNN*mmNN*mmNN*mmNN*mmNN*mmNN*mmNA*fmNA*amNA*amNA*emNN*mmNN*mmNN*mmNN*mmNN*mmNN*mmNN*mmNN*mmNN*mmNN*mmNN*fmNN*amNN*amNN*amNN*amNN*amNN*itND*ttND*t
EOM
CITY 2000
MIN 2
MAX 4
DATE 18/12/1986
INFO Three players are against a single one protected in a castle.
UNIT 19 A 5,1 5000
UNIT 3 A 5,2 1000
UNIT 2 A 4,2 500
UNIT 16 A 4,1 2000
UNIT 19 B 5,6 5000
UNIT 16 B 4,6 2000
UNIT 2 B 4,7 500
UNIT 3 B 5,7 1000
UNIT 19 C 5,11 5000
UNIT 16 C 4,11 2000
UNIT 2 C 4,12 500
UNIT 3 C 5,12 1000
UNIT 19 D 27,5 5000
UNIT 3 D 27,6 1000
UNIT 16 D 26,5 2000
UNIT 2 D 26,6 500
UNIT 19 D 27,8 5000
UNIT 16 D 26,8 2000
UNIT 2 D 26,9 500
UNIT 3 D 27,9 1000
UNIT 3 D 31,6 1000
UNIT 2 D 30,6 500
UNIT 3 D 31,9 1000
UNIT 2 D 30,9 500
UNIT 7 D 31,8 2000
UNIT 7 D 31,5 2000
UNIT 16 D 30,8 2000
UNIT 16 D 30,5 2000
UNIT 7 * 39,0 2000
UNIT 7 * 39,14 2000
UNIT 7 * 19,2 2000
UNIT 3 * 19,3 1000
UNIT 2 * 18,3 500
UNIT 13 * 18,2 1000
UNIT 3 * 19,8 1000
UNIT 2 * 18,8 500
UNIT 13 * 18,7 1000
UNIT 7 * 19,7 2000
UNIT 7 * 19,12 2000
UNIT 2 * 18,13 500
UNIT 3 * 19,13 1000
UNIT 13 * 18,12 1000
UNIT 18 * 28,7 1
UNIT 18 * 29,7 1
UNIT 18 * 28,6 1
UNIT 18 * 29,6 1
UNIT 18 * 28,8 1
UNIT 18 * 29,8 1
UNIT 18 * 29,5 1
UNIT 18 * 28,5 1
UNIT 18 * 28,9 1
UNIT 18 * 29,9 1
UNIT 15 * 11,2 1
UNIT 15 * 13,7 1
UNIT 15 * 9,12 1
UNIT 15 * 19,5 1
UNIT 15 * 19,10 1
UNIT 15 * 27,2 1
UNIT 15 * 27,12 1
UNIT 1 A 5,1 1000
UNIT 1 B 5,6 1000
UNIT 1 C 5,11 1000
UNIT 1 * 19,7 1000
UNIT 1 * 19,2 1000
UNIT 1 * 19,12 1000
UNIT 1 D 31,5 1000
UNIT 1 D 31,8 1000
UNIT 1 D 27,5 1000
UNIT 1 D 27,8 1000
UNIT 1 * 39,0 1000
UNIT 1 * 39,14 1000
