# Please don't edit this file by hand.
# Use the game's map editor.
NAME CivilWar
PLAYER A  0
PLAYER B  0
X 25
Y 25
MAP
tNN*ttNN*ttNN*ttOB*ttOB*ttOB*ttOB*ttOB*ttOA*ttOA*ttOA*ttNS*ttNS*ttNK*ttNK*ttNJ*ttNJ*ttPC*ttPC*ttNBBttNBBttNBBttNBBttNBBttNBBt
tNN*tmNN*jmNN*amNN*itOB*ttOB*ttOB*ttOB*ttOA*ttOA*ttOA*ttNS*ttNS*ttNR*ttNR*ttNJ*ttNJ*ttPC*ttPC*ttNBBttNBBttNBBttNBBttNBBttNBBt
tNN*tmNN*cmNN*mmNN*fmNN*itOB*ttOB*ttOB*ttOA*ttOA*ttOA*ttNS*ttNS*ttNR*ttNR*ttNJ*ttNJ*ttNI*ttNI*ttNC*ttNC*ttNBBttNBBttNBBttNBBt
tOT*tmNN*lmNN*hmNN*mmNN*fmNN*itOB*ttOB*ttOA*ttOA*ttOA*ttNS*ttNS*ttNR*ttNR*ttNQ*ttNQ*ttNI*ttNI*ttNC*ttNC*ttNBBttNBBttNBBttNBBt
tOT*ttOT*tmNN*lmNN*hmNN*mmNN*fmNN*itOB*ttOA*ttOA*ttNZ*ttNZ*ttNZ*ttNR*ttNR*ttNQ*ttNQ*ttNI*ttNI*ttNH*ttNH*ttND*ttND*ttNBBttNBBt
tOT*ttOT*ttOT*tmNN*lmNN*hmNN*mmNN*fmNN*itOA*ttOA*ttNZ*ttNZ*ttNZ*ttNY*ttNY*ttNQ*ttNQ*ttNP*ttNP*ttNH*ttNH*ttND*ttND*ttNBBttNBBt
tOT*ttOT*ttOT*ttOU*tmNN*lmNN*hmNN*mmNN*fmNN*itOA*ttNZ*ttNZ*ttNY*ttNY*ttNY*ttNQ*ttNQ*ttNP*ttNP*ttNH*ttNH*ttNG*ttNG*ttNE*ttNE*t
tOT*ttOT*ttOT*ttOU*ttOU*tpNN*npNN*npNN*npNN*npNN*ntNZ*ttNZ*ttNY*ttNY*ttNY*ttNX*ttNX*ttNP*ttNP*ttNO*ttNO*ttNG*ttNG*ttNE*ttNE*t
tOT*ttOT*ttOT*ttOU*ttOU*ttOV*tmNN*lmNN*hmNN*mmNN*fmNN*itNZ*ttNY*ttNY*ttNX*ttNX*ttNX*ttNP*ttNP*ttNO*ttNO*ttNG*ttNG*ttNF*ttNF*t
tOT*ttOT*ttOU*ttOU*ttOU*ttOV*ttOV*tmNN*lmNN*hmNN*mmNN*fmNN*itNY*ttNY*ttNX*ttNX*ttNX*ttNW*ttNW*ttNO*ttNO*ttNM*ttNM*ttNF*ttNF*t
tOM*ttOM*ttOU*ttOU*ttOU*ttOV*ttOV*ttOW*tmNN*lmNN*hmNN*mmNN*fmNN*itNY*ttNX*ttNX*ttNW*ttNW*ttNW*ttNO*ttNO*ttNM*ttNM*ttNF*ttNF*t
tOM*ttOM*ttOU*ttOU*ttOU*ttOV*ttOV*ttOW*ttOW*tmNN*lmNN*hmNN*mmNN*fmNN*itNX*ttNX*ttNW*ttNW*ttNW*ttNV*ttNV*ttNM*ttNM*ttNL*ttNL*t
tOM*ttOM*ttON*ttON*ttOV*ttOV*ttOV*ttOW*ttOW*ttOX*tpNN*npNN*npNN*npNN*npNN*ntNX*ttNW*ttNW*ttNV*ttNV*ttNV*ttNM*ttNM*ttNL*ttNL*t
tOM*ttOM*ttON*ttON*ttOV*ttOV*ttOV*ttOW*ttOW*ttOX*ttOX*tmNN*lmNN*hmNN*mmNN*mmNN*itNW*ttNW*ttNV*ttNV*ttNV*ttNU*ttNU*ttNL*ttNL*t
tOG*ttOG*ttON*ttON*ttOO*ttOO*ttOW*ttOW*ttOW*ttOX*ttOX*ttOY*tmNN*lmNN*hmNN*mmNN*fmNN*itNW*ttNV*ttNV*ttNU*ttNU*ttNU*ttNL*ttNL*t
tOG*ttOG*ttON*ttON*ttOO*ttOO*ttOW*ttOW*ttOW*ttOX*ttOX*ttOY*ttOY*tmNN*lmNN*hmNN*mmNN*fmNN*itNV*ttNV*ttNU*ttNU*ttNU*ttNT*ttNT*t
tOG*ttOG*ttOH*ttOH*ttOO*ttOO*ttOP*ttOP*ttOX*ttOX*ttOX*ttOY*ttOY*ttOZ*tmNN*lmNN*hmNN*mmNN*fmNN*itNV*ttNU*ttNU*ttNT*ttNT*ttNT*t
tOC*ttOC*ttOH*ttOH*ttOO*ttOO*ttOP*ttOP*ttOX*ttOX*ttOX*ttOY*ttOY*ttOZ*ttOZ*tpNN*npNN*npNN*npNN*npNN*ntNU*ttNU*ttNT*ttNT*ttNT*t
tOC*ttOC*ttOH*ttOH*ttOI*ttOI*ttOP*ttOP*ttOQ*ttOQ*ttOY*ttOY*ttOY*ttOZ*ttOZ*ttPA*tmNN*lmNN*hmNN*mmNN*fmNN*itNU*ttNT*ttNT*ttNT*t
tNAAttNAAttOD*ttOD*ttOI*ttOI*ttOP*ttOP*ttOQ*ttOQ*ttOY*ttOY*ttOY*ttOZ*ttOZ*ttPA*ttPA*tmNN*lmNN*hmNN*mmNN*fmNN*itNT*ttNT*ttNT*t
tNAAttNAAttOD*ttOD*ttOI*ttOI*ttOJ*ttOJ*ttOQ*ttOQ*ttOR*ttOR*ttOZ*ttOZ*ttOZ*ttPA*ttPA*ttPB*tmNN*lmNN*hmNN*mmNN*fmNN*itNT*ttNT*t
tNAAttNAAttNAAttNAAttOE*ttOE*ttOJ*ttOJ*ttOQ*ttOQ*ttOR*ttOR*ttOS*ttOS*ttPA*ttPA*ttPA*ttPB*ttPB*tmNN*lmNN*hmNN*mmNN*fmNN*itNT*t
tNAAttNAAttNAAttNAAttOE*ttOE*ttOJ*ttOJ*ttOK*ttOK*ttOR*ttOR*ttOS*ttOS*ttPA*ttPA*ttPA*ttPB*ttPB*ttPB*tmNN*lmNN*hmNN*mmNN*dtNN*t
tNAAttNAAttNAAttNAAttNAAttNAAttOF*ttOF*ttOK*ttOK*ttOR*ttOR*ttOS*ttOS*ttPA*ttPA*ttPA*ttPB*ttPB*ttPB*ttPB*tmNN*lmNN*bmNN*ktNN*t
tNAAttNAAttNAAttNAAttNAAttNAAttOF*ttOF*ttOK*ttOK*ttOL*ttOL*ttOS*ttOS*ttPA*ttPA*ttPA*ttPB*ttPB*ttPB*ttPB*ttPB*ttNN*ttNN*ttNN*t
EOM
CITY 1000
MIN 2
MAX 2
DATE 12/4/2007
INFO Conquer all of the cities on the map and fuck off your enemy!
INFO Map created by nameless
UNIT 19 A 1,23 5000
UNIT 16 A 2,22 2000
UNIT 19 B 23,1 5000
UNIT 16 B 22,2 2000
UNIT 3 B 23,2 1000
UNIT 2 B 22,1 500
UNIT 3 A 2,23 1000
UNIT 2 A 1,22 500
UNIT 7 * 4,21 2000
UNIT 7 * 2,19 2000
UNIT 7 * 6,23 2000
UNIT 7 * 0,17 2000
UNIT 3 * 1,18 1000
UNIT 3 * 3,20 1000
UNIT 3 * 5,22 1000
UNIT 3 * 7,24 1000
UNIT 2 * 1,17 500
UNIT 2 * 3,19 500
UNIT 2 * 5,21 500
UNIT 2 * 7,23 500
UNIT 7 * 2,16 2000
UNIT 7 * 4,18 2000
UNIT 7 * 6,20 2000
UNIT 7 * 8,22 2000
UNIT 7 * 10,24 2000
UNIT 3 * 9,23 1000
UNIT 2 * 9,22 500
UNIT 3 * 7,21 1000
UNIT 7 * 0,14 2000
UNIT 3 * 1,15 1000
UNIT 3 * 3,17 1000
UNIT 3 * 5,19 1000
UNIT 2 * 1,14 500
UNIT 2 * 3,16 500
UNIT 2 * 5,18 500
UNIT 2 * 7,20 500
UNIT 3 * 11,24 1000
UNIT 6 * 12,23 1000
UNIT 3 * 13,24 1000
UNIT 2 * 13,23 500
UNIT 3 * 11,22 1000
UNIT 6 * 10,21 1000
UNIT 2 * 11,21 500
UNIT 6 * 8,19 1000
UNIT 6 * 6,17 1000
UNIT 6 * 2,13 1000
UNIT 6 * 0,11 1000
UNIT 3 * 1,12 1000
UNIT 3 * 3,14 1000
UNIT 3 * 7,18 1000
UNIT 16 * 9,20 2000
UNIT 2 * 1,11 500
UNIT 2 * 3,13 500
UNIT 2 * 7,17 500
UNIT 2 * 9,19 500
UNIT 6 * 3,9 1000
UNIT 6 * 1,7 1000
UNIT 6 * 5,11 1000
UNIT 6 * 7,13 1000
UNIT 6 * 9,15 1000
UNIT 6 * 11,17 1000
UNIT 6 * 13,19 1000
UNIT 6 * 15,21 1000
UNIT 6 * 17,23 1000
UNIT 3 * 2,8 1000
UNIT 3 * 4,10 1000
UNIT 2 * 2,7 500
UNIT 2 * 4,9 500
UNIT 3 * 6,12 1000
UNIT 3 * 8,14 1000
UNIT 2 * 8,13 500
UNIT 3 * 10,16 1000
UNIT 3 * 12,18 1000
UNIT 2 * 12,17 500
UNIT 3 * 14,20 1000
UNIT 2 * 14,19 500
UNIT 3 * 16,22 1000
UNIT 3 * 18,24 1000
UNIT 2 * 18,23 500
UNIT 16 * 6,11 2000
UNIT 16 * 16,21 2000
UNIT 6 * 4,15 1000
UNIT 16 * 5,16 2000
UNIT 2 * 5,15 500
UNIT 16 * 10,15 2000
UNIT 7 * 20,3 2000
UNIT 3 * 19,2 1000
UNIT 7 * 18,1 2000
UNIT 3 * 17,0 1000
UNIT 3 * 21,4 1000
UNIT 7 * 22,5 2000
UNIT 3 * 23,6 1000
UNIT 7 * 24,7 2000
UNIT 2 * 17,1 500
UNIT 2 * 19,3 500
UNIT 2 * 21,5 500
UNIT 2 * 23,7 500
UNIT 7 * 22,8 2000
UNIT 7 * 24,10 2000
UNIT 7 * 20,6 2000
UNIT 7 * 18,4 2000
UNIT 7 * 16,2 2000
UNIT 7 * 14,0 2000
UNIT 3 * 15,1 1000
UNIT 3 * 17,3 1000
UNIT 3 * 19,5 1000
UNIT 3 * 21,7 1000
UNIT 3 * 23,9 1000
UNIT 2 * 23,10 500
UNIT 2 * 21,8 500
UNIT 2 * 19,6 500
UNIT 2 * 17,4 500
UNIT 2 * 15,2 500
UNIT 3 * 13,0 1000
UNIT 6 * 20,9 1000
UNIT 6 * 22,11 1000
UNIT 3 * 21,10 1000
UNIT 6 * 18,7 1000
UNIT 3 * 17,6 1000
UNIT 6 * 16,5 1000
UNIT 6 * 14,3 1000
UNIT 3 * 13,2 1000
UNIT 6 * 12,1 1000
UNIT 3 * 11,0 1000
UNIT 2 * 11,1 500
UNIT 2 * 13,3 500
UNIT 2 * 15,5 500
UNIT 2 * 17,7 500
UNIT 2 * 19,9 500
UNIT 2 * 21,11 500
UNIT 6 * 24,13 1000
UNIT 3 * 23,12 1000
UNIT 2 * 23,13 500
UNIT 6 * 21,15 1000
UNIT 3 * 22,16 1000
UNIT 6 * 23,17 1000
UNIT 3 * 20,14 1000
UNIT 6 * 19,13 1000
UNIT 3 * 18,12 1000
UNIT 6 * 17,11 1000
UNIT 3 * 16,10 1000
UNIT 6 * 15,9 1000
UNIT 3 * 14,8 1000
UNIT 6 * 13,7 1000
UNIT 3 * 12,6 1000
UNIT 6 * 11,5 1000
UNIT 3 * 10,4 1000
UNIT 6 * 9,3 1000
UNIT 3 * 8,2 1000
UNIT 6 * 7,1 1000
UNIT 3 * 6,0 1000
UNIT 2 * 6,1 500
UNIT 2 * 10,5 500
UNIT 2 * 12,7 500
UNIT 2 * 16,11 500
UNIT 16 * 15,4 2000
UNIT 16 * 19,8 2000
UNIT 16 * 18,13 2000
UNIT 16 * 14,9 2000
UNIT 16 * 8,3 2000
UNIT 2 * 20,15 500
UNIT 2 * 22,17 500
UNIT 1 * 4,21 1000
UNIT 1 * 2,19 1000
UNIT 1 * 0,17 1000
UNIT 1 * 6,23 1000
UNIT 1 * 10,24 1000
UNIT 1 * 12,23 1000
UNIT 1 * 10,21 1000
UNIT 1 * 8,22 1000
UNIT 1 * 6,20 1000
UNIT 1 * 8,19 1000
UNIT 1 * 6,17 1000
UNIT 1 * 4,18 1000
UNIT 1 * 2,16 1000
UNIT 1 * 4,15 1000
UNIT 1 * 0,14 1000
UNIT 1 * 2,13 1000
UNIT 1 * 0,11 1000
UNIT 1 * 3,9 1000
UNIT 1 * 5,11 1000
UNIT 1 * 7,13 1000
UNIT 1 * 9,15 1000
UNIT 1 * 11,17 1000
UNIT 1 * 13,19 1000
UNIT 1 * 15,21 1000
UNIT 1 * 17,23 1000
UNIT 1 * 23,17 1000
UNIT 1 * 21,15 1000
UNIT 1 * 24,13 1000
UNIT 1 * 22,11 1000
UNIT 1 * 24,10 1000
UNIT 1 * 19,13 1000
UNIT 1 * 17,11 1000
UNIT 1 * 20,9 1000
UNIT 1 * 22,8 1000
UNIT 1 * 24,7 1000
UNIT 1 * 20,6 1000
UNIT 1 * 18,7 1000
UNIT 1 * 15,9 1000
UNIT 1 * 22,5 1000
UNIT 1 * 20,3 1000
UNIT 1 * 18,4 1000
UNIT 1 * 16,5 1000
UNIT 1 * 13,7 1000
UNIT 1 * 18,1 1000
UNIT 1 * 16,2 1000
UNIT 1 * 14,3 1000
UNIT 1 * 11,5 1000
UNIT 1 * 9,3 1000
UNIT 1 * 12,1 1000
UNIT 1 * 14,0 1000
UNIT 1 * 7,1 1000
UNIT 1 * 1,7 1000
UNIT 1 B 22,1 2000
UNIT 1 A 1,22 2000
