# Please don't edit this file by hand.
# Use the game's map editor.
NAME Europa Conquest
PLAYER A  0
PLAYER B  0
PLAYER C  0
PLAYER D  0
PLAYER F  0
PLAYER E  0
COUNTRY AA *
COUNTRY AD A Liverpool
COUNTRY XL * Oslo
COUNTRY XM * Gävle
COUNTRY XN * Pori
COUNTRY XO * Kuopio
COUNTRY XQ * Cherepovets
COUNTRY XR * Kotlas
COUNTRY XK * Stavanger
COUNTRY XJ * Edinburgh
COUNTRY DA D Stockholm
COUNTRY XA * Dublin
COUNTRY DD D Göteborg
COUNTRY XP * Helsinki
COUNTRY XS * Kostroma
COUNTRY YS * Sankt-Peterburg
COUNTRY YL * Aalborg
COUNTRY XT * Yaroslavi'
COUNTRY DB D Malmo
COUNTRY YR * Tallinn
COUNTRY AB A London
COUNTRY YM * Koszalin
COUNTRY ZX * Odense
COUNTRY FA F Moskva
COUNTRY AC A Bristol
COUNTRY YK * Hamburg
COUNTRY YQ * Navapolack
COUNTRY YJ * Amsterdam
COUNTRY FB F Smolensk
COUNTRY XU * Penza
COUNTRY YN * Bydgoszcz
COUNTRY YO * Berlin
COUNTRY BA B Paris
COUNTRY YI * Frankfürt
COUNTRY YE * Gomel
COUNTRY FF F Kaluga
COUNTRY XB * Brest
COUNTRY YP * Bratislava
COUNTRY XV * Kharkiv
COUNTRY BB * Genève
COUNTRY YH * Nümberg
COUNTRY XW * Odessa
COUNTRY YD * Venezia
COUNTRY XH * Gijòn
COUNTRY XC * Bayonne
COUNTRY ZZ B Lyon
COUNTRY YC * Budapest
COUNTRY XY * Constanta
COUNTRY EA E Sochi
COUNTRY BC B Marseille
COUNTRY YG * Pisa
COUNTRY CB C Ancona
COUNTRY XG * Madrid
COUNTRY EB E Istanbul
COUNTRY XI * Lisboa
COUNTRY XD * Valencia
COUNTRY YF * Bastia
COUNTRY CA C Roma
COUNTRY YB * Sarajevo
COUNTRY XZ * Athina
COUNTRY EE E Antalya
COUNTRY XE * Cartagena
COUNTRY XF * Gibraltar
COUNTRY CC C Catanzaro
COUNTRY YT * Lecce
COUNTRY YA * Tiranë
COUNTRY XX * Irakleio
X 40
Y 30
MAP
mAA*mmAA*mmAA*mmAA*mmAA*mmAA*mmADAmmADAmmAA*mmAA*mmAA*mmAA*mmAA*mmAA*mmAA*gmXL*kMXL*MtXL*ttXL*ttXL*ttXM*ttXM*ttXM*tmXM*cmXM*mmXM*mmXN*mmXN*gmXN*ktXN*ttXO*ttXO*ttXO*ttXO*ttXQ*ttXQ*ttXR*ttXR*ttXR*ttXR*t
mAA*mmAA*mmAA*mmAA*mmAA*mmAA*mmADAmmADAmmAA*mmAA*mmAA*mmAA*mmXK*mmXK*gmXK*kMXK*MMXL*MtXL*ttXL*ttXL*ttXM*ttXM*ttXM*tmXM*cmXM*mmXM*mmXN*mmXN*dtXN*ttXN*ttXO*ttXO*ttXO*ttXO*ttXQ*ttXQ*ttXR*ttXR*ttXR*ttXR*t
mAA*mmAA*mmAA*mmAA*mmAA*mmAA*mmADAmmADAmmXJ*mmXJ*mmXJ*mmXJ*mmXK*mmXK*dtXK*ttXK*ttXL*ttXL*ttXL*ttXL*ttXM*ttXM*ttXM*tmDADlmDADbmDADhmXN*mmXN*dtXN*ttXN*ttXO*ttXO*ttXO*ttXO*ttXQ*ttXQ*ttXQ*ttXR*ttXR*ttXR*t
mXA*mmXA*mmXA*mmXA*mmXA*mmXA*mmADAmmADAmmXJ*gmXJ*bmXJ*hmXJ*mmXK*mmXK*dtXK*ttXK*ttXK*tmXL*jmXL*itDDDttDDDttDDDttDADttDADttDADtmDADcmDADmmXP*dMXP*MMXN*MtXO*ttXO*ttXO*ttXQ*ttXQ*ttXQ*ttXQ*ttXQ*ttXS*ttXS*t
mXA*mmXA*mmXA*mmXA*mmXA*mmXA*mmADAmmADAgmXJ*kMXJ*MmXJ*lmXJ*hmXJ*mmXK*fmXK*amXK*amAA*amAA*emDDDfmDDDitDDDttDDDttDADttDADttDADtpDADppDADnpXP*qtXP*ttXP*ttXP*ttXO*ttYS*ttXQ*ttXQ*ttXQ*ttXQ*ttXS*ttXS*ttXS*t
mXA*mmXA*mmXA*mmXA*gmXA*bmXA*hmADAgmADAktXJ*tMXJ*MMXJ*MmXJ*cmXJ*mmXK*mmXK*mmXK*mmAA*mmAA*mmDDDmmDDDdtDDDttDDDttDADttDADttDADtmDADcmDADmmXP*dtXP*ttXP*ttXP*ttYS*ttYS*ttYS*ttYS*tMXQ*MMXS*MtXS*ttXS*ttXS*t
mXA*mmXA*mmXA*gmXA*ktXA*tmXA*cmADAdtADAttXJ*ttXJ*ttXJ*tmXJ*cmXJ*mmAA*mmAA*mmAA*mmYL*gmYL*bmYL*hmDDDfmDDDitDDDttDADttDADttDADtmDADcmDADmmXP*fmXP*amXP*amYS*itYS*ttYS*ttYS*ttYS*ttXT*tMXT*MtXS*ttXS*ttXS*t
mXA*mmXA*mmXA*dtXA*ttXA*tmXA*cmADAdtADAttADAttXJ*ttXJ*tmXJ*cmXJ*mmAA*mmAA*mmAA*mmYL*dtYL*tmYL*lmYL*hmDBDdtDBDttDBDttDBDtmDADjmDADemYR*mmYR*gmYR*bmYR*bmYR*ktYS*ttYS*ttYS*ttYS*ttXT*ttXT*ttXT*ttXS*ttXS*t
mXA*mmXA*mmXA*dtXA*ttXA*tmXA*cmADAdtADAttADAttADAttABAtmABAlmABAhmABAmmAA*mmAA*mmYL*dtYL*ttYL*tmYL*cmDBDfmDBDitDBDtmDBDjmYM*emYM*gmYR*bmYR*ktYR*ttYR*ttYR*ttYR*ttYS*ttYS*ttYS*tMXT*MtXT*ttXT*ttXT*ttXT*t
mXA*mmXA*mmXA*fmXA*amXA*amXA*emADAdtADAttADAttABAttABAttABAtmABAcmABAmmAA*mmAA*mmYL*dtYL*ttZX*tmZX*lmZX*hmDBDfmDBDamDBDemYM*gmYM*ktYR*ttYR*ttYR*ttYR*ttYR*ttYR*ttFAFttFAFttFAFtMXT*MtXT*ttXT*ttXT*ttXT*t
mXA*mmXA*mmACAmmACAmmACAmmACAgmADAktADAttABAttABAttABAttABAtmABAcmABAmmAA*mmAA*gmYK*ktYL*ttZX*ttZX*tmZX*cmYM*mmYM*gmYM*bmYM*ktYM*ttYQ*ttYQ*ttYQ*ttYQ*ttYQ*ttYQ*ttFAFtMFAFMtFAFtMFAFMMFAFMtXT*ttXT*ttXT*t
mACAmmACAmmACAmmACAgmACAbmACAktACAttACAttABAttABAttABAtmABAjmYJ*emYJ*mmYJ*mmYJ*dtYK*ttYK*ttZX*ttZX*tmZX*lmYM*bmYM*ktYM*ttYM*ttYM*ttYQ*ttYQ*ttYQ*ttYQ*tMYQ*MtFBFttFAFtMFAFMtFAFttFAFttFAFttXU*ttXU*ttXU*t
mACAmmACAmmACAmmACAdtACAttACAttACAttACAttABAttABAtpABArmABAemYJ*gmYJ*bmYJ*bmYJ*ktYK*ttYK*ttYK*ttYK*ttYK*ttYM*ttYM*ttYM*ttYM*ttYN*ttYN*ttYN*ttYQ*ttYQ*tMFBFMtFBFttFBFttFAFttFAFttFAFtMFAFMtXU*ttXU*ttXU*t
mACAmmACAmmACAmmACAdtACAttACAttACAttACAtmABAjmABAapABAomYJ*bmYJ*ktYJ*ttYJ*ttYJ*ttYJ*ttYK*ttYK*ttYK*ttYK*ttYO*ttYO*ttYN*ttYN*ttYN*ttYN*ttYN*ttYQ*ttFBFtMFBFMtFBFttFBFttFAFttFAFttFAFtMFAFMtXU*ttXU*ttXU*t
mACAmmACAmmACAmmACAfmACAamACAamACAamACAamACAemBABgpBABstBABttBABttYJ*ttYJ*ttYJ*ttYI*ttYI*ttYO*ttYO*ttYO*ttYO*ttYO*ttYO*ttYN*ttYN*ttYN*ttYN*ttYE*ttYE*tMFBFMMFBFMtFBFttFFFttFFFttFFFttFFFttXU*ttXU*ttXU*t
mACAmmACAmmACAmmACAmmXB*mmXB*mmXB*gmXB*bmXB*bmXB*ktBABttBABttBABttBABttYI*ttYI*ttYI*ttYI*ttYI*ttYO*ttYO*ttYO*ttYO*ttYO*ttYP*ttYP*ttYP*ttYE*ttYE*ttYE*ttYE*ttYE*ttFBFttFFFttFFFttFFFttFFFttXU*ttXU*ttXV*t
mAA*mmAA*mmAA*mmAA*mmXB*mmXB*mmXB*dtXB*ttXB*ttXB*ttBABttBABttBABttBABttYI*ttYI*ttYI*ttYI*ttYI*ttYO*ttYO*ttYO*ttYO*ttYP*ttYP*ttYP*ttYP*ttYE*ttYE*ttYE*ttYE*ttYE*tMYE*MtFFFttFFFttFFFttFFFttXV*ttXV*ttXV*t
mAA*mmAA*mmAA*mmAA*mmXB*mmXB*mmXB*fmXB*amXB*itXB*ttBABttBABttBABttBABttBB*ttBB*tMBB*MMYH*MtYH*tMYH*MMYH*MtYP*ttYP*ttYP*ttYP*ttYP*ttYP*ttYE*ttYE*ttYE*ttYE*ttYE*tMXW*MtXW*tMXW*MMXW*MtXV*ttXV*ttXV*ttXV*t
mAA*mmAA*mmAA*mmAA*mmXB*mmXB*mmXB*mmXB*mmXB*dtXB*ttBABttBABttBABttBB*ttBB*ttBB*tMBB*MtYH*ttYH*ttYH*ttYH*ttYD*ttYD*ttYD*ttYD*ttYD*ttYD*ttYE*ttYE*ttYE*ttYE*ttYE*ttXW*ttXW*ttXW*ttXW*ttXW*ttXV*ttXV*ttXV*t
mAA*mmAA*mmAA*mmXH*mmXH*mmXH*mmXH*mmXC*mmXC*dtXC*ttXC*ttZZBttZZBttZZBttBB*tMBB*MMBB*MtYH*tMYH*MtYH*ttYH*ttYD*ttYD*ttYD*ttYD*ttYD*ttYD*ttYC*ttYC*ttYC*ttYC*ttXY*ttXY*ttXW*tmXW*jmXW*amXW*amXV*amXV*itEAEt
mAA*mmAA*mmAA*gmXH*bmXH*bmXH*bmXH*hmXC*mmXC*dtXC*ttXC*ttZZBttZZBttBCBttBCBtMBCBMtBCBttYG*ttYG*ttYG*ttYG*tMYG*MtCBCtmYD*jmYD*amYD*itYC*ttYC*ttYC*ttYC*ttYC*ttXY*ttXY*tmXY*jmXW*emXW*mmXW*mmEAEmmEAEdtEAEt
mAA*mmAA*mmAA*dMXH*MtXH*ttXH*tmXH*lmXG*bmXC*ktXC*ttXC*ttBCBttBCBttBCBttBCBttBCBttBCBttYG*ttYG*ttYG*ttYG*ttYG*ttCBCtmCBClmCBChmYD*fmYC*itYC*ttYC*ttYC*ttXY*ttXY*ttXY*tmXY*cmXY*mmEBEmmEBEmmEBEgmEAEktEAEt
mXI*mmXI*mmXI*dtXI*ttXH*ttXH*ttXG*ttXG*ttXG*ttXC*tMXC*MMXD*MtBCBtmBCBjmBCBamBCBamBCBamYG*amYG*amYG*iMYG*MtYG*ttCBCttCBCtmCBCcmCBCmmYC*dtYC*ttYC*ttYC*ttXY*ttXY*ttXY*tmXY*cmEBEgmEBEbmEBEbmEBEktEAEttEAEt
mXI*mmXI*mmXI*dtXI*ttXI*ttXG*ttXG*ttXG*ttXG*tMXG*MMXD*MtXD*ttXD*tmBCBcmBCBmmYF*mmYF*gmYF*bmYF*hmCACfmCACitCACttCACttCACtmCAClmCAChmYB*fmYB*itYB*ttYB*ttYB*ttXZ*ttEBEtpEBEppEBEqtEBEttEBEttEBEttEBEttEAEt
mXI*mmXI*mmXI*dtXI*ttXI*tMXG*MtXG*ttXG*ttXG*ttXD*ttXD*ttXD*tmXD*jmAA*emYF*mmYF*gmYF*ktYF*tmYF*cmCACmmCACdtCACttCACttCACttCACtmCACcmYB*mmYB*dtYB*ttYB*ttYB*ttXZ*ttXZ*tmXZ*cmEBEdtEBEttEBEttEBEttEBEttEEEt
mXI*mmXI*gmXI*ktXI*ttXI*ttXI*ttXG*ttXG*ttXE*ttXE*ttXD*tmXD*jmXD*emAA*mmYF*mmYF*dMYF*MtYF*tmYF*cmCACmmCACdMCACMMCACMtCACttCACtmCACcmYB*mmYB*dMYB*MMYB*MtYB*ttXZ*ttXZ*tmXZ*cmEBEfmEBEamEBEitEBEttEEEttEEEt
mXI*mmXI*dtXI*ttXI*tMXF*MMXF*MtXE*ttXE*ttXE*ttXE*tmXE*jmXD*emXD*mmAA*mmYF*mmYF*dtYF*ttYF*tmYF*cmCCCmmCCCdMCCCMtCCCttYT*ttYT*tmYT*lmYT*hmYA*fmYA*iMYA*MtYA*ttXZ*ttXZ*tmXZ*cmXZ*mmEBEmmEBEfmEBEamEEEitEEEt
mXF*mmXF*dtXF*ttXF*ttXF*ttXF*ttXE*ttXE*tmXE*jmXE*amXE*emAA*mmAA*mmAA*mmYF*mmYF*fmYF*amYF*amYF*emCCCgmCCCktCCCttCCCttYT*ttYT*ttYT*tmYT*cmYT*mmYA*dtYA*ttYA*ttYA*tMXZ*MmXZ*cmXX*mmXX*mmXX*mmEEEmmEEEfmEEEi
mXF*mmXF*fmXF*amXF*itXF*tmXF*jmXF*amXE*amXE*emXE*mmXE*mmAA*mmAA*mmAA*mmYF*mmYF*mmYF*mmYF*mmYF*mmCCCdMCCCMtCCCtmCCCjmCCCitYT*tMYT*MmYT*cmYT*mmYA*dtYA*ttYA*ttYA*tmXX*jmXX*emXX*gmXX*bmXX*bmXX*hmEEEmmEEEf
mXF*mmXF*mmXF*mmXF*fmXF*amXF*emXF*mmXE*mmXE*mmXE*mmXE*mmAA*mmAA*mmAA*mmYF*mmYF*mmYF*mmYF*mmYF*mmCCCfmCCCamCCCamCCCemCCCfmYT*amYT*amYT*emYA*mmYA*fmYA*amYA*amYA*amXX*emXX*gmXX*ktXX*ttXX*tmXX*cmXX*mmXX*m
EOM
CITY 1000
MIN 2
MAX 6
DATE 3/9/1939
INFO The map represents Europa during the cold war. This conflict takes place on both sides of the iron curtain.
INFO
INFO Map created by zorkis
UNIT 6 A 5,12 1000
UNIT 6 A 7,8 1000
UNIT 7 A 10,10 2000
UNIT 2 A 9,11 500
UNIT 3 A 10,11 1000
UNIT 13 A 9,10 1000
UNIT 1 A 7,8 1000
UNIT 1 A 10,10 1000
UNIT 1 A 5,12 1000
UNIT 6 * 15,18 1000
UNIT 6 B 14,21 1000
UNIT 7 B 12,16 2000
UNIT 2 B 11,17 500
UNIT 3 B 12,17 1000
UNIT 13 B 11,16 1000
UNIT 1 B 12,16 1000
UNIT 1 * 15,18 1000
UNIT 1 B 14,21 1000
UNIT 6 C 21,28 1000
UNIT 6 C 23,22 1000
UNIT 7 C 22,23 2000
UNIT 2 C 21,24 500
UNIT 3 C 22,24 1000
UNIT 13 C 21,23 1000
UNIT 1 C 23,22 1000
UNIT 1 C 22,23 1000
UNIT 1 C 21,28 1000
UNIT 6 D 22,8 1000
UNIT 6 D 20,5 1000
UNIT 7 D 24,5 2000
UNIT 2 D 23,6 500
UNIT 1 D 20,5 1000
UNIT 1 D 24,5 1000
UNIT 1 D 22,8 1000
UNIT 13 D 24,6 1000
UNIT 3 D 23,5 1000
UNIT 6 F 31,13 1000
UNIT 6 F 34,15 1000
UNIT 7 F 35,11 2000
UNIT 13 F 34,11 1000
UNIT 2 F 34,12 500
UNIT 3 F 35,12 1000
UNIT 1 F 31,13 1000
UNIT 1 F 35,11 1000
UNIT 1 F 34,15 1000
UNIT 6 E 39,26 1000
UNIT 6 E 39,21 1000
UNIT 1 E 39,26 1000
UNIT 1 E 39,21 1000
UNIT 6 * 4,8 1000
UNIT 6 * 10,6 1000
UNIT 6 * 7,16 1000
UNIT 6 * 9,21 1000
UNIT 6 * 11,24 1000
UNIT 6 * 4,28 1000
UNIT 6 * 5,21 1000
UNIT 6 * 17,25 1000
UNIT 6 * 25,27 1000
UNIT 6 * 18,18 1000
UNIT 6 * 14,13 1000
UNIT 6 * 14,3 1000
UNIT 6 * 22,0 1000
UNIT 6 * 21,15 1000
UNIT 6 * 16,15 1000
UNIT 6 * 24,19 1000
UNIT 6 * 24,16 1000
UNIT 6 * 29,27 1000
UNIT 6 * 32,26 1000
UNIT 6 * 36,29 1000
UNIT 6 * 32,21 1000
UNIT 6 * 28,24 1000
UNIT 6 * 28,20 1000
UNIT 6 * 29,16 1000
UNIT 6 * 25,13 1000
UNIT 6 * 28,5 1000
UNIT 6 * 28,8 1000
UNIT 6 * 23,11 1000
UNIT 6 * 29,11 1000
UNIT 6 * 36,8 1000
UNIT 6 * 34,18 1000
UNIT 6 * 38,17 1000
UNIT 6 * 32,6 1000
UNIT 6 * 38,5 1000
UNIT 6 * 35,3 1000
UNIT 6 * 31,2 1000
UNIT 6 * 28,1 1000
UNIT 6 * 38,1 1000
UNIT 18 * 3,22 1
UNIT 18 * 4,21 1
UNIT 18 * 4,22 1
UNIT 18 * 8,24 1
UNIT 18 * 6,27 1
UNIT 18 * 7,27 1
UNIT 18 * 6,26 1
UNIT 18 * 14,20 1
UNIT 18 * 13,20 1
UNIT 18 * 13,21 1
UNIT 18 * 13,17 1
UNIT 18 * 13,16 1
UNIT 18 * 9,18 1
UNIT 18 * 4,12 1
UNIT 18 * 4,13 1
UNIT 18 * 4,6 1
UNIT 18 * 8,9 1
UNIT 18 * 9,9 1
UNIT 18 * 9,8 1
UNIT 18 * 22,3 1
UNIT 18 * 21,3 1
UNIT 18 * 21,4 1
UNIT 18 * 31,4 1
UNIT 18 * 32,4 1
UNIT 18 * 22,26 1
UNIT 18 * 21,27 1
UNIT 18 * 16,26 1
UNIT 18 * 19,19 1
UNIT 18 * 20,19 1
UNIT 18 * 19,14 1
UNIT 18 * 19,15 1
UNIT 18 * 20,15 1
UNIT 18 * 27,11 1
UNIT 18 * 27,12 1
UNIT 18 * 28,17 1
UNIT 18 * 30,24 1
UNIT 18 * 31,8 1
UNIT 18 * 31,9 1
UNIT 18 * 39,11 1
UNIT 18 * 39,10 1
UNIT 18 * 36,16 1
UNIT 6 * 8,26 1000
UNIT 7 * 7,23 2000
UNIT 6 * 3,24 1000
UNIT 6 * 19,21 1000
UNIT 1 * 4,8 1000
UNIT 1 * 10,6 1000
UNIT 1 * 14,13 1000
UNIT 1 * 7,16 1000
UNIT 1 * 9,21 1000
UNIT 1 * 5,21 1000
UNIT 1 * 7,23 2000
UNIT 1 * 3,24 1000
UNIT 1 * 8,26 1000
UNIT 1 * 4,28 1000
UNIT 1 * 11,24 1000
UNIT 1 * 17,25 1000
UNIT 1 * 18,18 1000
UNIT 1 * 19,21 1000
UNIT 1 * 16,15 1000
UNIT 1 * 14,3 1000
UNIT 1 * 22,0 1000
UNIT 1 * 21,15 1000
UNIT 1 * 23,11 1000
UNIT 1 * 25,13 1000
UNIT 1 * 24,16 1000
UNIT 1 * 24,19 1000
UNIT 1 * 25,27 1000
UNIT 1 * 32,26 1000
UNIT 1 * 28,24 1000
UNIT 1 * 29,27 1000
UNIT 1 * 36,29 1000
UNIT 1 * 32,21 1000
UNIT 1 * 28,20 1000
UNIT 1 * 29,16 1000
UNIT 1 * 29,11 1000
UNIT 1 * 28,8 1000
UNIT 1 * 38,17 1000
UNIT 1 * 36,8 1000
UNIT 1 * 38,5 1000
UNIT 1 * 32,6 1000
UNIT 1 * 38,1 1000
UNIT 1 * 35,3 1000
UNIT 1 * 31,2 1000
UNIT 1 * 28,1 1000
UNIT 1 * 28,5 1000
UNIT 1 * 34,18 1000
UNIT 15 * 33,5 1
UNIT 15 * 28,13 1
UNIT 15 * 22,13 1
UNIT 15 * 30,19 1
UNIT 15 * 6,25 1
UNIT 15 * 4,6 1
UNIT 6 * 18,13 1000
UNIT 1 * 18,13 100
UNIT 6 * 17,7 1000
UNIT 1 * 17,7 1000
UNIT 6 * 19,10 1000
UNIT 1 * 19,10 1000
UNIT 1 * 38,13 100
UNIT 6 * 38,13 1000
UNIT 6 B 13,19 1000
UNIT 1 B 13,19 1000
UNIT 15 * 26,16 1
UNIT 3 E 32,23 1000
UNIT 13 E 35,24 1000
UNIT 2 E 36,23 500
UNIT 7 E 35,23 2000
UNIT 1 E 35,23 1000
UNIT 6 * 18,2 1000
UNIT 1 * 18,2 1000
