# Please don't edit this file by hand.
# Use the game's map editor.
NAME Islands
PLAYER A  0
PLAYER B  0
PLAYER C  0
PLAYER D  0
PLAYER E  0
PLAYER F  0
PLAYER G  0
PLAYER H  0
X 50
Y 50
MAP
mAAAemAAAmmAAAmmAAAmmAAAmmAAAmmAAAmmAAAmmAAAmmNN*mmNN*mmNN*mmNN*mmNN*mmNA*mmNA*dtNA*ttNA*ttNA*ttNA*ttNA*ttNA*ttNA*tmNA*cmNA*mmNN*mmHAHdtHAHttHAHtmHAHcmNN*mmNI*mmNI*dtNI*ttNI*ttNI*ttNI*tmNI*cmNK*mmNK*mmNK*mmNK*mmNK*mmNN*mmNN*mmDADmmDADdtDADttDADttDADt
mAAAmmAAAmmAAAmmAAAmmAAAmmAAAmmAAAmmAAAmmAAAmmNN*mmNN*mmNN*mmNN*mmNN*mmNA*mmNA*dtNA*ttNA*ttNA*ttNA*ttNA*ttNA*ttNA*tmNA*cmNA*mmNN*mmHAHdtHAHttHAHtmHAHcmNN*mmNI*mmNI*dtNI*ttNI*ttNI*ttNI*tmNI*lmNK*bmNK*bmNK*bmNK*hmNK*mmNN*mmNN*mmDADmmDADdtDADttDADttDADt
mAAAmmAAAmmAAAgmAAAbmAAAbmAAAbmAAAhmAAAmmAAAmmNN*mmNN*mmNN*mmNN*mmNN*mmNA*mmNA*dtNA*ttNA*ttNA*ttNA*ttNA*ttNA*ttNA*tmNA*cmNA*mmNN*mmHAHdtHAHttHAHtmHAHcmNN*mmNI*mmNI*dtNI*ttNI*ttNI*ttNI*ttNI*ttNK*ttNK*ttNK*tmNK*cmNK*mmNN*mmNN*mmDADmmDADfmDADamDADamDADa
mAAAmmAAAmmAAAdtAAAttAAAttAAAtmAAAcmAAAmmAAAmmNN*mmNN*mmNN*mmNN*mmNN*mmNN*mmNC*dtNC*ttNC*ttNB*ttNB*ttNB*ttNN*ttNN*tmNN*cmNN*mmNN*mmHAHfmHAHamHAHamHAHemNN*mmNI*mmNI*dtNI*ttNI*ttNI*ttNI*ttNK*ttNK*ttNK*ttNK*tmNK*cmNK*mmNN*mmNN*mmDADmmDADmmDADmmDADmmDADm
mAAAmmAAAmmAAAdtAAAttAAAttAAAtmAAAcmAAAmmAAAmmNN*mmNN*mmNN*mmNN*mmNN*mmNN*mmNC*dtNC*ttNC*ttNB*tmNB*jmNB*amNN*amNN*amNN*emNN*mmNN*mmNN*mmNN*mmNN*mmNN*mmNN*mmNI*mmNI*fmNI*amNI*itNI*ttNJ*ttNK*ttNK*ttNK*ttNK*tmNK*cmNK*mmNL*mmNL*mmNL*mmNL*mmNL*mmNL*mmNL*m
mAAAmmAAAmmAAAdtAAAttAAAttAAAtmAAAcmAAAmmAAAmmNN*mmNN*mmNN*mmNN*mmNN*mmNN*mmNC*dtNC*tMNC*MtNB*tmNB*cmNB*mmNN*mmNN*mmNN*mmNN*mmNN*mmNN*mmNN*mmNN*mmNN*mmNN*mmNN*mmNN*mmNJ*mmNJ*dtNJ*ttNJ*ttNJ*ttNK*ttNK*ttNK*tmNK*cmNK*mmNL*mmNL*gmNL*bmNL*bmNL*bmNL*hmNL*m
mAAAmmAAAmmAAAfmAAAamAAAamAAAamAAAemAAAmmAAAmmNN*mmNN*mmNN*mmNN*mmNN*mmNN*mmNC*dtNC*ttNC*ttNB*tmNB*cmNB*mmNN*mmNN*mmNN*mmNN*mmNN*mmNN*mmNN*mmNN*mmNN*mmNN*mmNN*mmNN*mmNJ*mmNJ*dtNJ*ttNJ*ttNJ*ttNK*ttNK*ttNK*tmNK*cmNK*mmNL*mmNL*dtNL*ttNL*ttNL*tmNL*cmNL*m
mPD*mmPD*mmAAAmmAAAmmAAAmmAAAmmAAAmmAAAmmAAAmmNN*mmNN*mmNN*mmND*gmND*bmND*bmND*ktND*ttNC*ttNB*tmNB*lmNB*bmNE*bmNE*bmNE*bmNE*hmNE*mmNN*mmNN*mmNN*mmNN*mmNN*mmNN*mmNN*mmNJ*mmNJ*dtNJ*ttNJ*ttNJ*ttNJ*ttNK*ttNK*tmNK*cmNK*mmNL*mmNL*dtNL*ttNL*ttNL*tmNL*cmNL*m
mPD*gmPD*bmPD*bmPD*bmPC*bmPC*bmPC*bmPC*bmPC*bmPC*bmPC*hmPC*mmND*dtND*ttND*ttND*ttND*ttNC*ttNB*ttNB*ttNE*ttNE*ttNE*ttNE*tmNE*cmNE*mmPJ*mmPJ*mmNH*mmNH*mmNH*mmNH*mmNH*mmNH*mmNJ*fmNJ*amNJ*amNJ*amNJ*amNK*amNK*amNK*emNK*mmNL*mmNL*dtNL*ttNL*ttNL*tmNL*cmNL*m
mPD*ktPD*ttPD*ttPD*ttPC*ttPC*ttPC*ttPC*ttPC*ttPC*tmPC*cmPC*mmND*dtND*ttND*ttND*ttND*ttNF*ttNF*ttNF*ttNE*ttNE*ttNE*ttNE*tmNE*lmNE*bmPJ*bmPJ*bmNH*bmNH*bmNH*bmNH*bmNH*hmNH*mmNJ*mmNJ*mmNJ*mmNM*mmNM*mmNM*mmNM*mmNM*mmNN*mmNL*mmNL*fmNL*amNL*amNL*amNL*emNL*m
tPD*ttPD*ttPD*ttPD*ttPC*ttPC*ttPC*ttPC*ttPC*ttPC*tmPC*cmPC*mmND*dtND*ttND*ttND*ttND*ttNF*ttNF*ttNF*ttNE*ttNE*ttNE*ttNE*ttNE*ttNE*ttPJ*ttPJ*ttNH*ttNH*ttNH*ttNH*tmNH*cmNH*mmNM*gmNM*bmNM*bmNM*bmNM*bmNM*bmNM*hmNM*mmNN*mmNL*mmNL*mmNL*mmNL*mmNL*mmNL*mmNL*m
tPD*ttPD*ttPD*ttPD*ttPC*ttPC*ttPC*ttPC*ttPC*ttPC*tmPC*cmPC*mmND*fmND*amND*amND*amND*amNF*itNF*ttNF*ttNF*ttNE*tmNE*jmNE*amNE*amNE*itPJ*ttPJ*ttPJ*ttNH*ttNH*ttNH*tmNH*cmNH*mmNM*dtNM*ttNM*ttNM*ttNM*ttNM*tmNM*cmNM*mmNN*mmNN*mmNN*mmNP*mmNP*mmNP*mmNP*mmNP*m
mPD*itPD*tMPD*MMPD*MMPC*MtPC*ttPC*ttPC*ttPC*ttPC*tmPC*cmPC*mmNN*mmNN*mmNN*mmNF*mmNF*mmNF*dtNF*ttNF*ttNF*ttNG*tmNG*cmPE*mmPE*mmPE*fmPJ*itPJ*tmPJ*jmNH*amNH*amNH*amNH*emNH*mmNM*dtNM*tmNM*jmNM*amNM*itNM*tmNM*cmNM*mmNN*mmNN*mmNN*mmNP*mmNP*mmNP*mmNP*mmNP*m
mPD*dMPD*MMPD*MMPD*MmPC*jmPC*amPC*amPC*amPC*amPC*amPC*emPC*mmNN*mmNN*gmNN*hmNF*mmNF*mmNF*dtNF*ttNF*ttNF*ttNG*tmNG*cmPE*mmPE*mmPE*mmPJ*fmPJ*amPJ*emPE*mmPE*mmPE*mmPE*mmPE*mmNM*dtNM*tmNM*cmNM*mmNM*fmNM*amNM*emNM*mmNN*mmNN*gmNN*bmNP*bmNP*bmNP*bmNP*bmNP*b
mPD*fmPD*amPD*amPD*amPC*emPC*mmPC*mmPC*mmPC*mmPC*mmPB*mmPB*mmPB*mmPB*fmPB*emPB*mmNF*mmNF*dtNF*ttNF*ttNG*ttNG*tmNG*cmPE*gmPE*bmPE*bmPE*bmPE*bmPE*bmPE*bmPE*bmPE*hmPE*mmPE*mmNO*dtNO*tmNO*cmNO*mmNO*gmNO*bmNO*hmNO*mmNN*mmNN*dMNN*MMNP*MtNP*ttNP*ttNP*ttNP*t
mNN*mmNN*mmNN*mmPA*mmPA*gmPA*bmPA*bmPA*bmPA*bmPA*bmPB*bmPB*bmPB*bmPB*bmPB*bmPB*hmPB*mmNF*dtNF*ttNG*ttNG*ttNG*tpNG*ppPE*qtPE*ttPE*ttPE*ttPE*ttPE*ttPE*ttPE*tmPE*cmPE*mmPE*mmNO*dtNO*tmNO*lmNO*bmNO*ktNO*tmNO*cmNO*mmNN*mmNN*dMNN*MtNP*ttNP*ttNP*tmNP*jmNP*a
mNN*mmNN*mmNN*mmPA*mmPA*dtPA*ttPA*ttPA*ttPA*ttPA*ttPB*ttPB*ttPB*ttPB*ttPB*tmPB*cmPB*mmNF*dtNF*ttNG*ttNG*ttNG*tmNG*cmPE*dtPE*ttPE*ttPE*ttPE*ttPE*ttPE*ttPE*tmPE*cmPE*mmPE*mmNO*dtNO*ttNO*ttNO*ttNO*ttNO*tmNO*cmNO*mmNQ*mmNQ*dtNQ*ttNP*ttNP*ttNP*tmNP*cmNP*m
mNN*mmNN*mmNN*mmPA*mmPA*dtPA*ttPA*ttPA*ttPA*ttPA*ttPB*ttPB*ttPB*ttPB*ttPB*tmPB*cmPB*mmNG*dtNG*ttNG*ttNG*ttNG*tmNG*cmPF*dtPF*ttPF*ttPI*ttPI*ttPI*ttPI*ttPI*tmPG*cmPG*mmPG*mmNO*fmNO*amNO*amNO*amNO*amNO*amNO*emNO*mmNQ*gmNQ*ktNQ*ttNQ*ttNQ*tMNP*MmNP*lmNP*b
mBABmmBABmmBABmmBABmmPA*dtPA*ttPA*ttPA*ttOZ*ttOZ*tmOZ*jmPB*amPB*amPB*apPB*rmPB*emPB*mmNG*fmNG*amNG*amNG*amNG*amNG*emPF*dtPF*ttPF*ttPI*ttPI*ttPI*ttPI*ttPI*tmPG*lmPG*bmPG*bmPG*bmPG*hmPG*mmNR*gmNR*bmNR*bmNR*hmNR*mmNQ*dtNQ*ttNQ*ttNQ*ttNQ*tMNQ*MMNQ*MMNQ*M
mBABbmBABbmBABhmBABmmPA*dtPA*ttPA*ttOZ*ttOZ*ttOZ*tmOZ*cmOX*mmOX*gmOX*bpOX*smOX*bmOX*bmOW*bmOW*bmOW*bmOW*bmOW*hmOW*mmPF*dtPF*ttPF*ttPI*ttPI*ttPI*ttPI*ttPI*ttPG*ttPG*ttPG*ttPG*tmPG*cmPG*mmNR*dtNR*ttNR*tmNR*cmNR*mmNQ*dtNQ*ttNQ*ttNQ*tMNQ*MMNQ*MMNQ*MMNQ*M
tBABttBABtmBABcmBABmmOZ*dtOZ*ttOZ*ttOZ*ttOZ*ttOZ*tmOZ*cmOX*mmOX*dtOX*ttOX*ttOX*ttOX*ttOW*ttOW*ttOW*ttOW*tmOW*cmOW*mmPF*dtPF*ttPF*ttPI*ttPI*ttPI*ttPI*ttPI*ttPG*ttPG*ttPG*ttPG*tmPG*cmPG*mmNR*dtNR*ttNR*tmNR*cmNR*mmNQ*fmNQ*amNQ*amNQ*amNQ*amNQ*amNQ*amNQ*a
tBABttBABtmBABcmBABmmOZ*dtOZ*ttOZ*ttOZ*ttOZ*ttOZ*tmOZ*cmOX*mmOX*dtOX*ttOX*ttOX*ttOX*ttOW*ttOW*ttOW*ttOW*tmOW*cmOW*mmPF*dtPF*ttPF*ttPI*ttPI*ttPI*ttPI*ttPI*ttPG*ttPG*ttPG*ttPG*tmPG*cmPG*mmNR*fmNR*amNR*amNR*emNR*mmNS*mmNS*mmNS*mmNS*mmNN*mmNN*mmNN*mmNN*m
tBABttBABtmBABcmBABmmOZ*fmOZ*itOZ*ttOZ*ttOZ*ttOZ*tmOZ*cmOX*mmOX*dtOX*ttOX*ttOX*tMOX*MMOW*MMOW*MtOW*ttOW*tmOW*cmOW*mmPF*dtPF*ttPH*ttPH*ttPH*ttPH*ttPH*ttPH*ttPH*ttPG*ttPG*ttPG*tmPG*cmPG*mmPG*mmPG*mmNS*gmNS*bmNS*bmNS*bmNS*bmNS*hmNS*mmNN*mmNN*mmNN*mmNN*m
mBABamBABamBABemBABmmOZ*mmOZ*dtOZ*ttOZ*ttOZ*ttOZ*tmOZ*cmOX*mmOX*dtOX*ttOY*tMOY*MMOY*MtPK*tMPK*MtPK*ttOW*tpOW*ppOW*npPF*qtPF*ttPH*ttPH*ttPH*ttPH*ttPH*ttPH*ttPH*ttPG*ttPG*ttPG*tmPG*cmPG*mmPG*mmPG*mmNS*dtNS*ttNS*ttNS*ttNS*tmNS*cmNS*mmNN*mmNN*mmNN*mmNN*m
mBABmmBABmmBABmmBABmmOM*mmOM*dtOM*ttOM*ttOM*ttOZ*tmOZ*cmOY*mmOY*dtOY*ttOY*ttOY*tMOY*MtPK*ttPK*tMPK*MtOW*tmOW*cmOW*mmPF*fmPF*amPH*amPH*amPH*amPH*apPH*rmPH*amPH*amPG*amPG*amPG*amPG*emNT*mmNT*mmNT*mmNT*dtNS*ttNS*ttNS*ttNS*tmNS*cmNS*mmNN*mmNN*mmNN*mmNN*m
mOL*mmOL*mmOL*mmOL*mmOM*mmOM*dtOM*ttOM*ttOM*ttOM*tmOM*cmOM*mmOY*dtOY*ttOY*ttOY*tMOY*MMOY*MMOV*MMOV*MtOV*tmOV*cmOT*mmOT*gmOT*bmOT*bmOT*bmOT*bmOT*bpOU*smOU*bmOU*bmOU*hmOU*mmOU*mmOU*mmNT*gmNT*bmNT*bmNT*ktNS*ttNS*ttNS*ttNS*tmNS*cmNS*mmNN*mmNN*mmNN*mmNN*m
mOL*mmOL*mmOL*mmOL*mmOM*mmOM*dtOM*ttOM*ttOM*ttOM*tmOM*cmOM*mmOY*dtOY*ttOY*ttOY*ttOY*ttOY*ttOV*ttOV*ttOV*tmOV*cmOT*mmOT*dtOT*ttOT*ttOT*ttOT*ttOT*ttOU*ttOU*ttOU*tmOU*cmOU*mmOU*mmOU*mmNT*dtNT*ttNT*ttNT*ttNT*ttNS*ttNS*ttNS*tmNS*cmNS*mmEAEmmEAEgmEAEbmEAEb
mOL*mmOL*mmOL*mmOL*mmOM*mmOM*fmOM*amOM*amOM*amOM*amOM*emOM*mmOY*dtOY*ttOY*ttOY*ttOY*ttOV*ttOV*ttOV*ttOV*tmOV*cmOV*mmOT*dtOT*ttOT*ttOT*ttOT*ttOT*ttOU*ttOU*ttOU*tmOU*cmOU*mmOU*mmOU*mmNT*dtNT*ttNT*ttNT*ttNT*tmNT*jmNN*amNN*amNN*emNN*mmEAEmmEAEdtEAEttEAEt
mOL*bmOL*bmOL*bmOL*bmOL*bmOL*bmON*bmON*bmON*bmON*hmOY*mmOY*mmOY*dtOY*ttOY*ttOY*ttOV*ttOV*ttOV*ttOV*ttOV*tmOV*cmOV*mmOT*dtOT*ttOT*ttOT*ttOT*ttOT*ttOU*ttOU*ttOU*tmOU*cmOU*mmNU*mmNU*gmNU*ktNU*ttNU*ttNU*ttNV*tmNV*cmNN*mmNN*mmNN*mmNN*mmEAEmmEAEdtEAEttEAEt
tOL*ttOL*ttOL*ttOL*ttOL*ttOL*ttON*ttON*ttON*tmON*cmOY*mmOY*mmOY*fmOY*amOY*amOV*amOV*amOV*amOV*amOV*amOV*amOV*emOV*mmOT*dtOT*tmOS*jmOS*amOS*amOS*amOS*amOS*itOU*tmOU*cmOU*mmNU*mmNU*dtNU*ttNU*ttNU*ttNV*ttNV*tmNV*cmNN*mmNN*mmNN*mmNN*mmEAEmmEAEdtEAEttEAEt
tOL*ttOL*ttOL*ttOL*ttOL*ttOL*ttON*ttON*ttON*tmON*cmOY*mmOY*mmOY*mmOY*mmOY*mmOV*mmOV*mmOV*mmOV*mmOV*mmOV*mmOV*mmOV*mmOT*dtOT*tmOS*cmOS*gmOS*bmOS*hmOS*mmOS*dtOU*tmOU*cmOU*mmNU*mmNU*dtNU*ttNU*ttNU*ttNV*ttNV*tmNV*cmNW*mmNW*mmNW*mmNW*mmEAEmmEAEfmEAEamEAEa
tOL*ttOL*ttOL*ttOL*ttOL*ttON*ttON*ttON*ttON*tmON*cmOO*mmOO*mmOO*mmOO*mmOO*mmOO*mmOV*mmOV*mmOQ*mmOQ*mmOQ*mmOQ*mmOQ*mmOQ*dtOQ*tmOS*cmOS*dtOS*tmOS*cmOS*gmOS*ktOU*tmOU*cmOU*mmNU*mmNU*fmNU*amNU*itNV*ttNV*ttNV*tmNV*cmNW*gmNW*bmNW*bmNW*bmNW*hmEAEmmEAEmmEAEm
tOL*ttOL*ttOL*ttOL*ttOL*ttON*ttON*ttON*ttON*tmON*cmOO*mmOO*mmOO*mmOO*mmOO*mmOO*mmOV*mmOV*mmOQ*gmOQ*bmOQ*bmOQ*bmOQ*bmOQ*ktOQ*tmOS*lmOS*ktOS*tmOS*lmOS*ktOR*ttOR*tmOR*cmOR*mmOR*mmOR*mmOR*mmNV*dtNV*ttNV*ttNV*tmNV*cmNW*dtNW*ttNW*ttNW*tmNW*cmNX*mmNX*mmNX*m
tOK*tMOK*MMOK*MMOK*MtON*ttON*ttON*ttON*ttON*tmON*lmOO*bmOO*bmOO*bmOO*bmOO*bmOO*bmOP*bmOP*hmOQ*dtOQ*ttOQ*ttOQ*ttOQ*ttOQ*ttOQ*ttOS*ttOS*ttOS*ttOS*ttOS*ttOR*ttOR*tmOR*cmOR*mmOR*mmOR*mmOR*mmNV*fmNV*amNV*amNV*amNV*emNW*dtNW*ttNW*ttNW*tmNW*lmNX*bmNX*bmNX*b
MOK*MMOK*MMOK*MMOK*MMON*MtON*ttON*ttON*ttON*ttON*ttOO*ttOO*ttOO*ttOO*ttOO*ttOP*ttOP*tmOP*cmOQ*dtOQ*ttOQ*ttOQ*ttOQ*ttOQ*ttOQ*ttOS*ttOS*ttOS*ttOS*ttOS*ttOR*ttOR*tmOR*cmOR*mmOR*mmOR*mmOR*mmNV*mmNV*mmNV*mmNV*mmNV*mmNW*fmNW*amNW*itNW*ttNW*ttNX*ttNX*ttNX*t
tOK*ttOK*ttOK*tMOK*MMON*MtON*ttON*ttON*ttON*ttON*ttOO*ttOO*ttOO*ttOO*ttOP*ttOP*ttOP*tmOP*cmOQ*dtOQ*ttOQ*ttOQ*ttOQ*ttOQ*ttOQ*ttOQ*ttOR*ttOR*ttOR*ttOR*ttOR*ttOR*tmOR*cmOR*mmOR*mmOR*mmNZ*mmNZ*mmNZ*mmNZ*mmNZ*mmNZ*mmNW*mmNW*mmNW*dtNW*ttNX*ttNX*ttNX*ttNX*t
tOK*ttOK*tMOK*MMOK*MMOJ*MtOJ*ttOJ*ttOJ*ttOJ*ttOJ*ttOJ*ttOO*ttOO*ttOO*ttOP*ttOP*ttOP*tmOP*cmOQ*fmOQ*amOQ*amOQ*amOQ*amOQ*itOQ*ttOQ*ttOR*ttOR*ttOR*ttOR*ttOR*ttOR*tmOR*cmOR*mmOR*mmOR*mmNZ*mmNZ*mmNZ*mmNZ*mmNZ*mmNZ*mmNZ*mmNZ*mmNY*dMNY*MMNX*MMNX*MMNX*MmNX*j
MOK*MMOK*MMOK*MtOJ*ttOJ*ttOJ*ttOJ*ttOJ*ttOJ*ttOJ*ttOJ*ttOJ*ttOP*ttOP*ttOP*ttOP*ttOP*tmOP*cmOQ*mmOQ*mmOQ*mmOQ*mmOQ*mmOQ*fmOQ*amOQ*amOR*amOR*amOR*amOR*amOR*amOR*amOR*emOR*mmOR*mmOR*mmNZ*gmNZ*bmNZ*bmNZ*bmNZ*bmNZ*bmNZ*bmNZ*hmNY*dtNY*tMNX*MMNX*MMNX*MmNX*c
tOJ*ttOJ*ttOJ*ttOJ*ttOJ*ttOJ*ttOJ*ttOJ*ttOJ*ttOJ*ttOJ*ttOJ*ttOP*ttOP*ttOP*ttOP*ttOP*tmOP*cmOP*mmOP*mmOP*mmOH*mmOH*mmOH*mmOH*mmOH*mmOH*mmOH*mmOB*mmOB*mmOB*mmOB*mmOB*mmOB*mmOB*mmOB*mmNZ*dtNZ*ttNZ*ttNZ*ttNZ*ttNZ*ttNZ*tmNZ*cmNY*dtNY*ttNY*tMNY*MMNY*MmNY*l
mOJ*amOJ*amOJ*amOJ*amOJ*amOJ*amOJ*amOJ*amOJ*amOJ*amOJ*amOJ*amOP*amOP*amOP*amOP*amOP*amOP*emOP*mmOP*mmOP*mmOH*mmOH*mmOH*gmOH*bmOH*bmOH*hmOH*mmOB*mmOB*gmOB*bmOB*bmOB*bmOB*bmOB*bmOB*bmNZ*ktNZ*ttNZ*ttNZ*ttNZ*ttNZ*ttNZ*tmNZ*cmNY*dtNY*ttNY*tMNY*MMNY*MtNY*t
mOI*mmOI*mmOI*mmOI*gmOI*bmOI*bmOI*hmOJ*mmOJ*mmOG*mmOG*mmOG*gmOG*bmOG*bmOG*bmOG*hmOG*mmOG*mmOG*mmNN*mmNN*mmOH*mmOH*mmOH*dtOH*ttOH*tmOH*cmOH*mmOB*mmOB*dtOB*ttOB*ttOB*ttOB*ttOB*ttOA*ttOA*ttOA*ttOA*tmOA*jmNZ*itNZ*ttNZ*tmNZ*cmNY*dtNY*ttNY*ttNY*tMNY*MmNY*j
mOI*mmOI*mmOI*mmOI*dtOI*ttOI*tmOI*cmOI*mmOJ*mmOG*mmOG*mmOG*dtOG*ttOG*ttOG*tmOG*cmOG*mmOG*mmOG*mmNN*mmNN*mmOH*mmOH*mmOH*dtOH*ttOH*tmOH*cmOH*mmOB*mmOB*dtOB*ttOB*ttOB*ttOB*ttOB*ttOA*ttOA*ttOA*ttOA*tmOA*cmNZ*fmNZ*amNZ*amNZ*emNY*fmNY*amNY*amNY*amNY*amNY*e
mOI*mmOI*mmOI*mmOI*dtOI*ttOI*tmOI*cmOI*mmOF*mmOG*mmOG*mmOG*dtOG*ttOG*ttOG*tmOG*cmOG*mmOG*mmOG*mmNN*mmNN*mmOH*mmOH*mmOH*fmOH*amOH*amOH*emOH*mmOB*mmOB*dtOB*ttOB*ttOB*ttOB*ttOB*ttOA*ttOA*ttOA*ttOA*tmOA*cmNN*mmNZ*mmNZ*mmNZ*mmNY*mmNY*mmNY*mmNY*mmNY*mmNY*m
mOI*mmOI*mmOI*mmOI*fmOI*amOI*amOI*emOI*mmOF*gmOF*bmOF*bmOG*ktOG*ttOG*ttOG*tmOG*cmOG*mmOE*mmOE*mmOE*mmOE*mmOE*mmOH*mmOH*mmOH*mmOH*mmOH*mmOH*mmOB*mmOB*dtOB*ttOB*ttOB*ttOB*ttOB*tMOA*MtOA*ttOA*ttOA*tmOA*cmNN*mmNZ*mmNZ*mmNZ*mmNY*mmNY*mmNY*mmNY*mmNY*mmNY*m
mOI*mmOI*mmOI*mmOI*mmOI*mmOI*mmOI*mmOF*mmOF*dtOF*ttOF*ttOF*ttOG*ttOG*ttOG*tmOG*lmOE*bmOE*bmOE*bmOE*bmOE*hmOE*mmOH*mmOH*mmOH*mmOH*mmOH*mmOH*mmOB*mmOB*dtOB*ttOD*ttOD*tMOB*MMOB*MMOA*MtOA*ttOA*ttOA*tmOA*cmNN*mmNN*mmFAFmmFAFmmFAFmmFAFmmFAFmmFAFmmFAFmmFAFm
mCACmmCACmmCACmmCACmmCACmmCACmmOF*mmOF*mmOF*dtOF*ttOF*ttOF*ttOF*ttOF*ttOE*ttOE*ttOE*ttOE*ttOE*ttOE*tmOE*cmOE*mmGAGmmGAGmmGAGmmGAGmmGAGmmGAGmmOD*mmOD*fmOD*amOD*itOD*tMOD*MMOC*MMOC*MtOC*ttOA*ttOA*tmOA*cmNN*mmNN*mmFAFmmFAFgmFAFbmFAFbmFAFbmFAFbmFAFhmFAFm
mCACgmCACbmCACbmCACbmCAChmCACmmOF*mmOF*mmOF*dtOF*ttOF*ttOF*ttOF*ttOF*ttOE*ttOE*ttOE*ttOE*ttOE*ttOE*tmOE*cmGAGmmGAGgmGAGbmGAGbmGAGbmGAGhmGAGmmOD*mmOD*mmOD*mmOD*dtOD*tMOD*MtOC*ttOC*ttOC*ttOC*ttOA*tmOA*cmNN*mmNN*mmFAFmmFAFdtFAFttFAFttFAFttFAFtmFAFcmFAFm
mCACdtCACttCACttCACtmCACcmCACmmOF*mmOF*mmOF*dtOF*ttOF*ttOF*ttOF*ttOF*tMOF*MMOE*MtOE*ttOE*ttOE*ttOE*tmOE*cmGAGmmGAGdtGAGttGAGttGAGtmGAGcmGAGmmOD*mmOD*mmOD*mmOD*dtOD*tMOD*MtOC*tmOC*jmOC*amOC*amOA*amOA*emNN*mmNN*mmFAFmmFAFdtFAFttFAFttFAFttFAFtmFAFcmFAFm
mCACdtCACttCACttCACtmCACcmCACmmOF*mmOF*mmOF*dtOF*ttOF*ttOF*ttOF*tMOF*MMOF*MMOE*MtOE*ttOE*ttOE*ttOE*tmOE*cmGAGmmGAGdtGAGttGAGttGAGtmGAGcmGAGmmOD*mmOD*mmOD*mmOD*dtOD*tMOD*MtOC*tmOC*cmOC*mmOC*mmOC*mmOC*mmNN*mmNN*mmFAFmmFAFfmFAFamFAFamFAFamFAFamFAFemFAFm
mCACdtCACttCACttCACtmCACcmCACmmOF*mmOF*mmOF*dtOF*ttOF*ttOF*ttOF*tMOF*MMOF*MMOE*MMOE*MtOE*ttOE*ttOE*tmOE*cmGAGmmGAGdtGAGttGAGttGAGtmGAGcmGAGmmOD*mmOD*mmOD*mmOD*dtOD*tMOD*MtOC*tmOC*cmOC*mmOC*mmOC*mmOC*mmNN*mmNN*mmFAFmmFAFmmFAFmmFAFmmFAFmmFAFmmFAFmmFAFm
EOM
CITY 1000
MIN 2
MAX 8
DATE 14/3/2007
INFO A map for 8 players max on little islands.
UNIT 19 A 5,3 5000
UNIT 19 B 1,20 5000
UNIT 19 C 3,47 5000
UNIT 19 D 47,1 5000
UNIT 19 E 48,28 5000
UNIT 19 F 45,46 5000
UNIT 19 G 25,47 5000
UNIT 3 A 5,4 1000
UNIT 2 A 4,4 500
UNIT 3 B 1,21 1000
UNIT 2 B 0,21 500
UNIT 3 C 3,48 1000
UNIT 2 C 2,48 500
UNIT 2 D 48,0 500
UNIT 3 D 47,0 1000
UNIT 3 E 49,29 1000
UNIT 2 E 48,29 500
UNIT 2 F 44,47 500
UNIT 3 F 45,47 1000
UNIT 2 G 24,48 500
UNIT 3 G 25,48 1000
UNIT 1 A 5,3 2000
UNIT 1 B 1,20 2000
UNIT 1 C 3,47 2000
UNIT 1 D 47,1 2000
UNIT 1 E 48,28 2000
UNIT 1 F 45,46 2000
UNIT 1 G 25,47 2000
UNIT 6 * 5,41 1000
UNIT 1 * 5,41 1000
UNIT 6 * 21,0 1000
UNIT 1 * 21,0 1000
UNIT 2 * 20,1 500
UNIT 3 * 21,1 1000
UNIT 13 * 20,0 1000
UNIT 6 * 35,2 1000
UNIT 1 * 35,2 1000
UNIT 2 * 34,3 500
UNIT 3 * 35,3 1000
UNIT 13 * 34,2 1000
UNIT 6 * 31,10 1000
UNIT 2 * 30,11 500
UNIT 3 * 31,11 1000
UNIT 1 * 31,10 1000
UNIT 13 * 30,10 1000
UNIT 6 * 27,15 1000
UNIT 1 * 27,15 1000
UNIT 2 * 27,16 500
UNIT 3 * 28,16 1000
UNIT 13 * 28,15 1000
UNIT 6 * 37,29 1000
UNIT 1 * 37,29 1000
UNIT 2 * 36,30 500
UNIT 3 * 37,30 1000
UNIT 13 * 36,29 1000
UNIT 13 * 4,41 1000
UNIT 2 * 4,42 500
UNIT 3 * 5,42 1000
UNIT 6 * 14,8 1000
UNIT 1 * 14,8 1000
UNIT 3 * 14,9 1000
UNIT 2 * 13,9 500
UNIT 13 * 13,8 1000
UNIT 6 * 23,9 1000
UNIT 1 * 23,9 1000
UNIT 2 * 22,10 500
UNIT 3 * 23,10 1000
UNIT 13 * 22,9 1000
UNIT 6 * 18,13 1000
UNIT 1 * 18,13 1000
UNIT 13 * 18,12 1000
UNIT 3 * 18,14 1000
UNIT 2 * 18,11 500
UNIT 6 * 21,17 1000
UNIT 1 * 21,17 1000
UNIT 3 * 20,17 1000
UNIT 13 * 21,16 1000
UNIT 2 * 21,15 500
UNIT 6 * 14,20 1000
UNIT 1 * 14,20 1000
UNIT 13 * 13,20 1000
UNIT 2 * 13,21 500
UNIT 3 * 14,21 1000
UNIT 6 * 15,25 1000
UNIT 1 * 15,25 1000
UNIT 13 * 14,25 1000
UNIT 2 * 14,26 500
UNIT 3 * 15,26 1000
UNIT 6 * 20,28 1000
UNIT 1 * 20,28 1000
UNIT 3 * 19,28 1000
UNIT 13 * 19,27 1000
UNIT 2 * 20,27 500
UNIT 6 * 20,21 1000
UNIT 1 * 20,21 1000
UNIT 13 * 19,21 1000
UNIT 2 * 19,22 500
UNIT 3 * 20,22 1000
UNIT 1 * 13,16 1000
UNIT 6 * 13,16 1000
UNIT 3 * 13,17 1000
UNIT 2 * 12,17 500
UNIT 13 * 12,16 1000
UNIT 2 * 5,17 500
UNIT 6 * 6,16 1000
UNIT 1 * 6,16 1000
UNIT 3 * 6,17 1000
UNIT 13 * 5,16 1000
UNIT 6 * 9,20 1000
UNIT 1 * 9,20 1000
UNIT 13 * 9,19 1000
UNIT 2 * 9,21 500
UNIT 3 * 9,22 1000
UNIT 6 * 6,26 1000
UNIT 1 * 6,26 1000
UNIT 13 * 6,25 1000
UNIT 3 * 7,25 1000
UNIT 2 * 7,26 500
UNIT 6 * 0,10 1000
UNIT 1 * 0,10 1000
UNIT 13 * 1,10 1000
UNIT 3 * 0,11 1000
UNIT 2 * 1,11 500
UNIT 6 * 7,12 1000
UNIT 1 * 7,12 1000
UNIT 13 * 6,12 1000
UNIT 2 * 7,11 500
UNIT 3 * 6,11 1000
UNIT 6 * 9,47 1000
UNIT 1 * 9,47 1000
UNIT 2 * 9,48 500
UNIT 3 * 10,48 1000
UNIT 13 * 10,47 1000
UNIT 6 * 14,41 1000
UNIT 2 * 14,42 500
UNIT 1 * 14,41 1000
UNIT 13 * 13,41 1000
UNIT 3 * 13,42 1000
UNIT 6 * 19,45 1000
UNIT 1 * 19,45 1000
UNIT 2 * 18,46 500
UNIT 3 * 19,46 1000
UNIT 13 * 18,45 1000
UNIT 6 * 25,40 1000
UNIT 1 * 25,40 1000
UNIT 3 * 25,41 1000
UNIT 2 * 24,41 500
UNIT 13 * 24,40 1000
UNIT 6 * 25,19 1000
UNIT 1 * 25,19 1000
UNIT 2 * 24,20 500
UNIT 3 * 25,20 1000
UNIT 13 * 24,19 1000
UNIT 6 * 34,19 1000
UNIT 1 * 34,19 1000
UNIT 3 * 34,20 1000
UNIT 2 * 33,20 500
UNIT 13 * 33,19 1000
UNIT 6 * 28,22 1000
UNIT 1 * 28,22 1000
UNIT 2 * 28,23 500
UNIT 3 * 27,23 1000
UNIT 13 * 27,22 1000
UNIT 6 * 39,19 1000
UNIT 1 * 39,19 1000
UNIT 2 * 38,20 500
UNIT 3 * 39,20 1000
UNIT 13 * 38,19 1000
UNIT 6 * 46,40 1000
UNIT 1 * 46,40 1000
UNIT 3 * 45,40 1000
UNIT 13 * 45,39 1000
UNIT 2 * 46,39 500
UNIT 6 * 44,32 1000
UNIT 1 * 44,32 1000
UNIT 13 * 43,32 1000
UNIT 2 * 43,33 500
UNIT 3 * 44,33 1000
UNIT 6 * 49,34 1000
UNIT 1 * 49,34 1000
UNIT 3 * 49,35 1000
UNIT 2 * 48,35 500
UNIT 13 * 48,34 1000
UNIT 6 * 43,23 1000
UNIT 1 * 43,23 1000
UNIT 3 * 43,24 1000
UNIT 2 * 42,24 500
UNIT 13 * 42,23 1000
UNIT 13 * 40,32 1000
UNIT 6 * 39,32 1000
UNIT 2 * 39,31 500
UNIT 3 * 40,31 1000
UNIT 1 * 39,32 1000
UNIT 6 * 38,26 1000
UNIT 1 * 38,26 1000
UNIT 6 * 16,5 1000
UNIT 1 * 16,5 1000
UNIT 6 * 18,5 1000
UNIT 1 * 18,5 1000
UNIT 6 * 40,4 1000
UNIT 1 * 40,4 1000
UNIT 13 * 39,4 1000
UNIT 2 * 39,5 500
UNIT 3 * 40,5 1000
UNIT 6 * 35,7 1000
UNIT 1 * 35,7 1000
UNIT 13 * 35,6 1000
UNIT 3 * 36,7 1000
UNIT 2 * 36,6 500
UNIT 6 * 47,6 1000
UNIT 1 * 47,6 1000
UNIT 2 * 46,7 500
UNIT 3 * 47,7 1000
UNIT 13 * 46,6 1000
UNIT 6 * 49,14 1000
UNIT 1 * 49,14 1000
UNIT 13 * 48,14 1000
UNIT 3 * 47,14 1000
UNIT 2 * 47,15 500
UNIT 6 * 43,18 1000
UNIT 1 * 43,18 1000
UNIT 13 * 44,18 1000
UNIT 2 * 44,19 500
UNIT 3 * 43,19 1000
UNIT 19 * 27,31 5000
UNIT 4 * 27,31 2000
UNIT 16 * 27,32 2000
UNIT 3 * 26,33 1000
UNIT 2 * 28,33 500
UNIT 24 * 25,33 1
UNIT 24 * 25,34 1
UNIT 24 * 26,34 1
UNIT 24 * 28,34 1
UNIT 24 * 29,34 1
UNIT 24 * 29,33 1
UNIT 6 * 25,26 1000
UNIT 1 * 25,26 1000
UNIT 13 * 26,26 1000
UNIT 3 * 26,27 1000
UNIT 2 * 25,27 500
UNIT 6 * 31,26 1000
UNIT 1 * 31,26 1000
UNIT 13 * 30,26 1000
UNIT 3 * 30,27 1000
UNIT 2 * 31,27 500
UNIT 6 * 19,33 1000
UNIT 1 * 19,33 1000
UNIT 13 * 20,33 1000
UNIT 2 * 19,34 500
UNIT 3 * 20,34 1000
UNIT 6 * 31,36 1000
UNIT 1 * 31,36 1000
UNIT 13 * 30,35 1000
UNIT 3 * 31,35 1000
UNIT 2 * 30,36 500
UNIT 6 * 42,40 1000
UNIT 1 * 42,40 1000
UNIT 2 * 41,40 500
UNIT 3 * 41,39 1000
UNIT 13 * 42,39 1000
UNIT 6 * 32,49 1000
UNIT 1 * 32,49 1000
UNIT 3 * 32,47 1000
UNIT 13 * 32,48 1000
UNIT 2 * 32,46 500
UNIT 6 * 34,49 1000
UNIT 1 * 34,49 1000
UNIT 13 * 34,48 1000
UNIT 3 * 34,47 1000
UNIT 2 * 34,46 500
UNIT 6 * 31,40 1000
UNIT 1 * 31,40 1000
UNIT 13 * 30,40 1000
UNIT 3 * 31,41 1000
UNIT 2 * 30,41 500
UNIT 6 * 38,43 1000
UNIT 1 * 38,43 1000
UNIT 13 * 38,42 1000
UNIT 2 * 37,42 500
UNIT 3 * 37,43 1000
UNIT 7 * 1,35 2000
UNIT 1 * 1,35 1500
UNIT 3 * 1,36 1000
UNIT 2 * 0,36 500
UNIT 16 * 0,35 2000
UNIT 6 * 7,38 1000
UNIT 1 * 7,38 1000
UNIT 2 * 6,38 500
UNIT 13 * 7,37 1000
UNIT 3 * 6,37 1000
UNIT 6 * 16,38 1000
UNIT 1 * 16,38 1000
UNIT 13 * 16,37 1000
UNIT 2 * 16,36 500
UNIT 3 * 15,38 1000
UNIT 1 * 1,29 1000
UNIT 6 * 1,29 1000
UNIT 13 * 0,29 1000
UNIT 3 * 1,30 1000
UNIT 2 * 0,30 500
UNIT 6 * 8,32 1000
UNIT 1 * 8,32 1000
UNIT 13 * 7,32 1000
UNIT 2 * 8,31 500
UNIT 3 * 8,33 1000
UNIT 6 * 12,34 1000
UNIT 1 * 12,34 1000
UNIT 6 * 39,12 1000
UNIT 1 * 39,12 1000
UNIT 13 * 39,11 1000
UNIT 2 * 38,11 500
UNIT 3 * 37,11 1000
UNIT 6 * 39,15 1000
UNIT 1 * 39,15 1000
UNIT 13 * 39,16 1000
UNIT 3 * 37,16 1000
UNIT 2 * 38,16 500
UNIT 18 * 16,4 1
UNIT 18 * 17,4 1
UNIT 18 * 18,4 1
UNIT 18 * 18,3 1
UNIT 18 * 16,6 1
UNIT 18 * 17,6 1
UNIT 18 * 18,6 1
UNIT 18 * 19,3 1
UNIT 18 * 17,3 1
UNIT 18 * 16,7 1
UNIT 18 * 17,7 1
UNIT 18 * 18,7 1
UNIT 18 * 18,8 1
UNIT 18 * 20,16 1
UNIT 18 * 20,15 1
UNIT 18 * 20,14 1
UNIT 18 * 21,14 1
UNIT 18 * 21,13 1
UNIT 18 * 20,13 1
UNIT 18 * 19,14 1
UNIT 18 * 19,15 1
UNIT 18 * 18,15 1
UNIT 18 * 19,16 1
UNIT 18 * 19,17 1
UNIT 18 * 18,17 1
UNIT 18 * 18,16 1
UNIT 18 * 7,19 1
UNIT 18 * 6,19 1
UNIT 18 * 6,20 1
UNIT 18 * 5,20 1
UNIT 18 * 5,21 1
UNIT 18 * 9,26 1
UNIT 18 * 9,25 1
UNIT 18 * 4,29 1
UNIT 18 * 5,29 1
UNIT 18 * 6,29 1
UNIT 18 * 6,30 1
UNIT 18 * 5,30 1
UNIT 18 * 4,30 1
UNIT 18 * 3,30 1
UNIT 18 * 3,31 1
UNIT 18 * 5,31 1
UNIT 18 * 6,31 1
UNIT 18 * 5,32 1
UNIT 18 * 4,32 1
UNIT 18 * 4,31 1
UNIT 18 * 3,32 1
UNIT 18 * 4,33 1
UNIT 18 * 5,33 1
UNIT 18 * 10,36 1
UNIT 18 * 12,37 1
UNIT 18 * 11,36 1
UNIT 18 * 11,37 1
UNIT 18 * 10,37 1
UNIT 18 * 11,38 1
UNIT 18 * 12,38 1
UNIT 18 * 13,38 1
UNIT 18 * 13,37 1
UNIT 18 * 12,36 1
UNIT 18 * 24,31 1
UNIT 18 * 24,30 1
UNIT 18 * 24,29 1
UNIT 18 * 24,32 1
UNIT 18 * 31,29 1
UNIT 18 * 31,31 1
UNIT 18 * 31,30 1
UNIT 18 * 24,28 1
UNIT 18 * 25,28 1
UNIT 18 * 26,28 1
UNIT 18 * 27,28 1
UNIT 18 * 29,28 1
UNIT 18 * 28,28 1
UNIT 18 * 30,28 1
UNIT 18 * 31,28 1
UNIT 18 * 23,33 1
UNIT 18 * 24,33 1
UNIT 18 * 24,34 1
UNIT 18 * 23,34 1
UNIT 18 * 24,35 1
UNIT 18 * 25,35 1
UNIT 18 * 26,35 1
UNIT 18 * 28,35 1
UNIT 18 * 29,35 1
UNIT 18 * 30,35 1
UNIT 18 * 30,34 1
UNIT 18 * 30,33 1
UNIT 18 * 30,32 1
UNIT 18 * 31,32 1
UNIT 18 * 31,33 1
UNIT 16 * 31,34 2000
UNIT 18 * 23,35 1
UNIT 18 * 22,35 1
UNIT 18 * 22,34 1
UNIT 18 * 22,33 1
UNIT 18 * 21,34 1
UNIT 18 * 21,35 1
UNIT 18 * 21,33 1
UNIT 18 * 20,33 1
UNIT 18 * 20,34 1
UNIT 18 * 19,34 1
UNIT 18 * 20,35 1
UNIT 18 * 19,35 1
UNIT 18 * 24,36 1
UNIT 18 * 25,36 1
UNIT 18 * 26,36 1
UNIT 18 * 27,36 1
UNIT 18 * 28,36 1
UNIT 18 * 29,36 1
UNIT 18 * 30,36 1
UNIT 18 * 31,35 1
UNIT 18 * 31,34 1
UNIT 18 * 24,27 1
UNIT 16 * 24,26 2000
UNIT 18 * 29,27 1
UNIT 18 * 29,26 1
UNIT 18 * 28,27 1
UNIT 18 * 28,26 1
UNIT 18 * 27,27 1
UNIT 18 * 27,26 1
UNIT 18 * 27,35 1
UNIT 18 * 33,42 1
UNIT 18 * 34,42 1
UNIT 18 * 34,43 1
UNIT 18 * 33,43 1
UNIT 18 * 40,38 1
UNIT 18 * 41,38 1
UNIT 18 * 42,38 1
UNIT 18 * 40,39 1
UNIT 18 * 39,39 1
UNIT 18 * 39,38 1
UNIT 18 * 38,38 1
UNIT 18 * 32,43 1
UNIT 18 * 35,42 1
UNIT 18 * 45,37 1
UNIT 18 * 45,38 1
UNIT 18 * 46,38 1
UNIT 18 * 49,39 1
UNIT 18 * 45,35 1
UNIT 18 * 46,35 1
UNIT 18 * 45,34 1
UNIT 18 * 47,34 1
UNIT 18 * 46,34 1
UNIT 18 * 35,13 1
UNIT 18 * 35,14 1
UNIT 18 * 28,18 1
UNIT 18 * 28,19 1
UNIT 18 * 29,19 1
UNIT 18 * 29,20 1
UNIT 18 * 28,20 1
UNIT 18 * 15,24 1
UNIT 18 * 27,19 1
UNIT 18 * 27,20 1
UNIT 18 * 27,18 1
UNIT 18 * 29,18 1
UNIT 24 * 27,17 1
UNIT 24 * 28,17 1
UNIT 24 * 29,17 1
UNIT 24 * 30,18 1
UNIT 24 * 30,17 1
UNIT 24 * 30,19 1
UNIT 24 * 30,20 1
UNIT 24 * 30,21 1
UNIT 24 * 29,21 1
UNIT 24 * 28,21 1
UNIT 24 * 27,21 1
UNIT 24 * 26,21 1
UNIT 24 * 26,20 1
UNIT 24 * 26,19 1
UNIT 24 * 26,18 1
UNIT 24 * 26,17 1
UNIT 4 * 28,19 2000
UNIT 19 * 28,19 5000
UNIT 2 * 27,18 500
UNIT 3 * 29,18 1000
UNIT 16 * 28,20 2000
UNIT 15 * 11,22 1
UNIT 15 * 37,13 1
UNIT 15 * 27,30 1
UNIT 19 H 28,0 5000
UNIT 1 H 28,0 2000
UNIT 16 H 27,0 2000
UNIT 3 H 28,1 1000
UNIT 2 H 27,1 500
UNIT 6 * 27,12 1000
UNIT 1 * 27,12 1000
UNIT 16 C 2,47 2000
UNIT 16 B 0,20 2000
UNIT 16 A 4,3 2000
UNIT 16 D 48,1 2000
UNIT 16 E 49,28 2000
UNIT 16 F 44,46 2000
UNIT 16 G 24,47 2000
UNIT 15 * 33,11 1
UNIT 15 * 27,39 1
UNIT 15 * 36,35 1
UNIT 18 * 20,24 1
UNIT 19 * 17,24 5000
UNIT 18 * 19,23 1
UNIT 18 * 18,24 1
UNIT 18 * 17,24 1
UNIT 16 * 18,24 2000
UNIT 25 * 2,35 500
UNIT 25 * 17,23 500
UNIT 25 H 27,2 500
UNIT 25 A 3,3 500
UNIT 25 B 0,22 500
UNIT 25 C 1,47 500
UNIT 25 G 23,47 500
UNIT 25 F 46,47 500
UNIT 25 E 49,27 500
UNIT 25 D 49,1 500
