# Veuillez ne pas éditer le fichier map à la main.
# Utilisez plutôt l'éditeur de carte intégré au jeu.
NAME First mission
MISSION
PLAYER B
PLAYER A TheBad
X 28
Y 10
MAP
tAEAttAEAttAEAttAEAttAEAtmAEAcmAEAmmAEAdtACAttACAttACAttACAttACAttACAttACAttABAttABAttABAttABAtmABAcmABAmmABAmmBABmmBABdtBABttBABttBABttBABt
tAEAttAEAttAEAttAEAttAEAtmAEAcmAEAmmAEAdtACAttACAttACAttACAttACAttACAttACAttABAttABAttABAttABAtmABAcmABAmmABAmmBABmmBABdtBABttBABttBABttBABt
tAEAttAEAttAEAttAEAttAEAtmAEAcmAEAmmAEAdtACAttACAttACAttACAttACAttACAttACAttABAttABAttABAttABAtmABAcmABAmmABAmmBABmmBABdtBABttBABttBABttBABt
tAEAttAEAttAEAttAEAttAEAtmAEAcmAEAmmAEAdtACAttACAttACAtMACAMMACAMMACAMMACAMtABAttABAttABAttABAtmABAlmABAbmABAbmBBBbmBBBktBBBttBBBttBBBttBBBt
tAFAttAFAttAFAttAFAttAFAtmAFAcmAFAmmAFAdtACAttACAttACAtMACAMMACAMMACAMMACAMtABAttABAttABAttABAttABAttABAttABAttBBBttBBBttBBBttBBBttBBBttBBBt
tAFAttAFAttAFAttAFAttAFAtpAFAppAFAnpAFAqtADAttADAttADAtMADAMMADAMMADAMMADAMtAAAttAAAttAAAttAAAttAAAttAAAttAAAttBBBttBBBttBBBttBBBttBBBttBBBt
tAFAttAFAttAFAttAFAttAFAtmAFAcmAFAmmAFAdtADAttADAttADAtMADAMMADAMMADAMMADAMtAAAttAAAttAAAttAAAtmAAAjmAAAamAAAamBBBamBBBitBBBttBBBttBBBttBBBt
tAGAttAGAttAGAttAGAttAGAtmAGAcmAGAmmAGAdtADAttADAttADAttADAttADAttADAttADAttAAAttAAAttAAAttAAAtmAAAcmAAAmmAAAmmBCBmmBCBdtBCBttBCBttBCBttBCBt
tAGAttAGAttAGAttAGAttAGAtmAGAcmAGAmmAGAdtADAttADAttADAttADAttADAttADAttADAttAAAttAAAttAAAttAAAtmAAAcmAAAmmAAAmmBCBmmBCBdtBCBttBCBttBCBttBCBt
tAGAttAGAttAGAttAGAttAGAtmAGAcmAGAmmAGAdtADAttADAttADAttADAttADAttADAttADAttAAAttAAAttAAAttAAAtmAAAcmAAAmmAAAmmBCBmmBCBdtBCBttBCBttBCBttBCBt
EOM
CITY 1000
MIN 2
MAX 2
DATE 27/7/2006
INFO You're mission, if you accept it, is to start with three cities and to conquer all of the map against the Artificial Intelligence.
INFO
INFO Progress to the left to ruin it.
UNIT 6 B 27,0 1000
UNIT 13 B 26,0 1000
UNIT 3 B 27,1 1000
UNIT 2 B 26,1 500
UNIT 7 B 27,4 2000
UNIT 16 B 26,4 2000
UNIT 3 B 27,5 1000
UNIT 2 B 26,5 500
UNIT 6 B 27,8 1000
UNIT 13 B 26,8 1000
UNIT 3 B 27,9 1000
UNIT 2 B 26,9 500
UNIT 5 B 27,5 500
UNIT 4 B 27,9 2000
UNIT 4 B 27,1 2000
UNIT 15 B 22,4 1
UNIT 15 B 22,5 1
UNIT 1 B 26,5 2000
UNIT 12 B 2,3 1
UNIT 1 B 26,1 1000
UNIT 1 B 26,9 1000
UNIT 5 A 18,3 200
UNIT 5 A 18,6 200
UNIT 6 A 18,0 1000
UNIT 6 A 18,8 1000
UNIT 3 A 18,9 1000
UNIT 2 A 17,9 500
UNIT 13 A 17,8 1000
UNIT 2 A 17,1 500
UNIT 3 A 18,1 1000
UNIT 13 A 17,0 1000
UNIT 15 A 20,4 1
UNIT 15 A 20,5 1
UNIT 1 A 17,1 1000
UNIT 1 A 17,9 1000
UNIT 6 A 10,0 1000
UNIT 2 A 9,1 500
UNIT 3 A 10,1 1000
UNIT 16 A 9,0 2000
UNIT 6 A 10,8 1000
UNIT 13 A 9,8 1000
UNIT 3 A 10,9 1000
UNIT 2 A 9,9 500
UNIT 10 A 0,0 3000
UNIT 11 A 4,9 500
UNIT 7 A 1,1 2000
UNIT 3 A 1,2 1000
UNIT 2 A 0,2 500
UNIT 7 A 1,4 2000
UNIT 7 A 1,8 2000
UNIT 3 A 1,5 1000
UNIT 3 A 1,9 1000
UNIT 2 A 0,9 500
UNIT 2 A 0,5 500
UNIT 16 A 0,4 2000
UNIT 16 A 0,1 2000
UNIT 16 A 0,8 2000
UNIT 5 A 4,4 300
UNIT 5 A 4,6 300
UNIT 4 A 1,5 1500
UNIT 4 A 18,1 500
UNIT 4 A 18,9 1500
UNIT 5 A 10,3 100
UNIT 5 A 10,6 100
UNIT 15 A 8,5 1
UNIT 1 A 11,1 1000
UNIT 18 * 18,3 1
UNIT 18 * 18,6 1
UNIT 18 * 18,5 1
UNIT 18 * 18,4 1
UNIT 18 * 17,5 1
UNIT 18 * 17,4 1
UNIT 18 * 16,4 1
UNIT 18 * 16,5 1
UNIT 18 * 15,4 1
UNIT 18 * 15,5 1
UNIT 18 * 10,3 1
UNIT 18 * 10,4 1
UNIT 18 * 10,5 1
UNIT 18 * 10,6 1
UNIT 18 * 9,5 1
UNIT 18 * 9,4 1
UNIT 18 * 13,0 1
UNIT 18 * 14,0 1
UNIT 18 * 15,0 1
UNIT 18 * 12,0 1
UNIT 18 * 12,1 1
UNIT 18 * 13,1 1
UNIT 18 * 14,1 1
UNIT 18 * 15,1 1
UNIT 18 * 14,2 1
UNIT 18 * 13,2 1
UNIT 18 * 11,1 1
UNIT 18 * 14,9 1
UNIT 18 * 14,8 1
UNIT 18 * 13,9 1
UNIT 18 * 13,8 1
UNIT 18 * 12,8 1
UNIT 18 * 12,9 1
UNIT 18 * 11,9 1
UNIT 18 * 15,8 1
UNIT 18 * 4,1 1
UNIT 18 * 4,0 1
UNIT 18 * 3,0 1
UNIT 18 * 4,2 1
UNIT 18 * 4,3 1
UNIT 18 * 4,4 1
UNIT 18 * 4,5 1
UNIT 18 * 4,6 1
UNIT 18 * 4,7 1
UNIT 18 * 3,7 1
UNIT 18 * 3,6 1
UNIT 18 * 3,5 1
UNIT 18 * 3,4 1
UNIT 18 * 3,3 1
UNIT 18 * 3,2 1
UNIT 18 * 3,1 1
UNIT 18 * 4,8 1
UNIT 18 * 3,8 1
UNIT 18 * 3,9 1
